###############################################################################
#
# IAR ELF Linker V8.32.3.193/W32 for ARM                  26/May/2022  12:26:14
# Copyright 2007-2019 IAR Systems AB.
#
#    Output file  =  
#        E:\1A智能车实验室\平衡信标组\大佬代码\MM32F3277
#        完赛程序 5.5\Project\IAR\program\Debug\Exe\MM32F3277.out
#    Map file     =  
#        E:\1A智能车实验室\平衡信标组\大佬代码\MM32F3277
#        完赛程序 5.5\Project\IAR\program\Debug\List\MM32F3277.map
#    Command line =  
#        -f C:\Users\hui'pu\AppData\Local\Temp\EWB033.tmp
#        ("E:\1A智能车实验室\平衡信标组\大佬代码\MM32F3277
#        完赛程序 5.5\Project\IAR\program\Debug\Obj\AngleControl.o"
#        "E:\1A智能车实验室\平衡信标组\大佬代码\MM32F3277
#        完赛程序 5.5\Project\IAR\program\Debug\Obj\board.o"
#        "E:\1A智能车实验室\平衡信标组\大佬代码\MM32F3277
#        完赛程序 5.5\Project\IAR\program\Debug\Obj\button_conrtol.o"
#        "E:\1A智能车实验室\平衡信标组\大佬代码\MM32F3277
#        完赛程序 5.5\Project\IAR\program\Debug\Obj\common.o"
#        "E:\1A智能车实验室\平衡信标组\大佬代码\MM32F3277
#        完赛程序 5.5\Project\IAR\program\Debug\Obj\hal_adc.o"
#        "E:\1A智能车实验室\平衡信标组\大佬代码\MM32F3277
#        完赛程序 5.5\Project\IAR\program\Debug\Obj\hal_bkp.o"
#        "E:\1A智能车实验室\平衡信标组\大佬代码\MM32F3277
#        完赛程序 5.5\Project\IAR\program\Debug\Obj\hal_can.o"
#        "E:\1A智能车实验室\平衡信标组\大佬代码\MM32F3277
#        完赛程序 5.5\Project\IAR\program\Debug\Obj\hal_comp.o"
#        "E:\1A智能车实验室\平衡信标组\大佬代码\MM32F3277
#        完赛程序 5.5\Project\IAR\program\Debug\Obj\hal_crc.o"
#        "E:\1A智能车实验室\平衡信标组\大佬代码\MM32F3277
#        完赛程序 5.5\Project\IAR\program\Debug\Obj\hal_crs.o"
#        "E:\1A智能车实验室\平衡信标组\大佬代码\MM32F3277
#        完赛程序 5.5\Project\IAR\program\Debug\Obj\hal_dac.o"
#        "E:\1A智能车实验室\平衡信标组\大佬代码\MM32F3277
#        完赛程序 5.5\Project\IAR\program\Debug\Obj\hal_dbg.o"
#        "E:\1A智能车实验室\平衡信标组\大佬代码\MM32F3277
#        完赛程序 5.5\Project\IAR\program\Debug\Obj\hal_dma.o"
#        "E:\1A智能车实验室\平衡信标组\大佬代码\MM32F3277
#        完赛程序 5.5\Project\IAR\program\Debug\Obj\hal_eth.o"
#        "E:\1A智能车实验室\平衡信标组\大佬代码\MM32F3277
#        完赛程序 5.5\Project\IAR\program\Debug\Obj\hal_exti.o"
#        "E:\1A智能车实验室\平衡信标组\大佬代码\MM32F3277
#        完赛程序 5.5\Project\IAR\program\Debug\Obj\hal_flash.o"
#        "E:\1A智能车实验室\平衡信标组\大佬代码\MM32F3277
#        完赛程序 5.5\Project\IAR\program\Debug\Obj\hal_fsmc.o"
#        "E:\1A智能车实验室\平衡信标组\大佬代码\MM32F3277
#        完赛程序 5.5\Project\IAR\program\Debug\Obj\hal_gpio.o"
#        "E:\1A智能车实验室\平衡信标组\大佬代码\MM32F3277
#        完赛程序 5.5\Project\IAR\program\Debug\Obj\hal_i2c.o"
#        "E:\1A智能车实验室\平衡信标组\大佬代码\MM32F3277
#        完赛程序 5.5\Project\IAR\program\Debug\Obj\hal_iwdg.o"
#        "E:\1A智能车实验室\平衡信标组\大佬代码\MM32F3277
#        完赛程序 5.5\Project\IAR\program\Debug\Obj\hal_misc.o"
#        "E:\1A智能车实验室\平衡信标组\大佬代码\MM32F3277
#        完赛程序 5.5\Project\IAR\program\Debug\Obj\hal_pwr.o"
#        "E:\1A智能车实验室\平衡信标组\大佬代码\MM32F3277
#        完赛程序 5.5\Project\IAR\program\Debug\Obj\hal_rcc.o"
#        "E:\1A智能车实验室\平衡信标组\大佬代码\MM32F3277
#        完赛程序 5.5\Project\IAR\program\Debug\Obj\hal_rtc.o"
#        "E:\1A智能车实验室\平衡信标组\大佬代码\MM32F3277
#        完赛程序 5.5\Project\IAR\program\Debug\Obj\hal_sdio.o"
#        "E:\1A智能车实验室\平衡信标组\大佬代码\MM32F3277
#        完赛程序 5.5\Project\IAR\program\Debug\Obj\hal_spi.o"
#        "E:\1A智能车实验室\平衡信标组\大佬代码\MM32F3277
#        完赛程序 5.5\Project\IAR\program\Debug\Obj\hal_tim.o"
#        "E:\1A智能车实验室\平衡信标组\大佬代码\MM32F3277
#        完赛程序 5.5\Project\IAR\program\Debug\Obj\hal_uart.o"
#        "E:\1A智能车实验室\平衡信标组\大佬代码\MM32F3277
#        完赛程序 5.5\Project\IAR\program\Debug\Obj\hal_uid.o"
#        "E:\1A智能车实验室\平衡信标组\大佬代码\MM32F3277
#        完赛程序 5.5\Project\IAR\program\Debug\Obj\hal_ver.o"
#        "E:\1A智能车实验室\平衡信标组\大佬代码\MM32F3277
#        完赛程序 5.5\Project\IAR\program\Debug\Obj\hal_wwdg.o"
#        "E:\1A智能车实验室\平衡信标组\大佬代码\MM32F3277
#        完赛程序 5.5\Project\IAR\program\Debug\Obj\isr.o"
#        "E:\1A智能车实验室\平衡信标组\大佬代码\MM32F3277
#        完赛程序 5.5\Project\IAR\program\Debug\Obj\main.o"
#        "E:\1A智能车实验室\平衡信标组\大佬代码\MM32F3277
#        完赛程序 5.5\Project\IAR\program\Debug\Obj\OTSU.o"
#        "E:\1A智能车实验室\平衡信标组\大佬代码\MM32F3277
#        完赛程序 5.5\Project\IAR\program\Debug\Obj\Picture_deal.o"
#        "E:\1A智能车实验室\平衡信标组\大佬代码\MM32F3277
#        完赛程序 5.5\Project\IAR\program\Debug\Obj\pwm_out.o"
#        "E:\1A智能车实验室\平衡信标组\大佬代码\MM32F3277
#        完赛程序 5.5\Project\IAR\program\Debug\Obj\SEEKFREE_18TFT.o"
#        "E:\1A智能车实验室\平衡信标组\大佬代码\MM32F3277
#        完赛程序 5.5\Project\IAR\program\Debug\Obj\SEEKFREE_7725.o"
#        "E:\1A智能车实验室\平衡信标组\大佬代码\MM32F3277
#        完赛程序
#        5.5\Project\IAR\program\Debug\Obj\SEEKFREE_ABSOLUTE_ENCODER.o"
#        "E:\1A智能车实验室\平衡信标组\大佬代码\MM32F3277
#        完赛程序 5.5\Project\IAR\program\Debug\Obj\SEEKFREE_ASSERT.o"
#        "E:\1A智能车实验室\平衡信标组\大佬代码\MM32F3277
#        完赛程序 5.5\Project\IAR\program\Debug\Obj\SEEKFREE_FONT.o"
#        "E:\1A智能车实验室\平衡信标组\大佬代码\MM32F3277
#        完赛程序 5.5\Project\IAR\program\Debug\Obj\SEEKFREE_ICM20602.o"
#        "E:\1A智能车实验室\平衡信标组\大佬代码\MM32F3277
#        完赛程序 5.5\Project\IAR\program\Debug\Obj\SEEKFREE_IIC.o"
#        "E:\1A智能车实验室\平衡信标组\大佬代码\MM32F3277
#        完赛程序 5.5\Project\IAR\program\Debug\Obj\SEEKFREE_IPS114_SPI.o"
#        "E:\1A智能车实验室\平衡信标组\大佬代码\MM32F3277
#        完赛程序
#        5.5\Project\IAR\program\Debug\Obj\SEEKFREE_IPS200_PARALLEL8.o"
#        "E:\1A智能车实验室\平衡信标组\大佬代码\MM32F3277
#        完赛程序 5.5\Project\IAR\program\Debug\Obj\SEEKFREE_L3G4200D.o"
#        "E:\1A智能车实验室\平衡信标组\大佬代码\MM32F3277
#        完赛程序 5.5\Project\IAR\program\Debug\Obj\SEEKFREE_MMA8451.o"
#        "E:\1A智能车实验室\平衡信标组\大佬代码\MM32F3277
#        完赛程序 5.5\Project\IAR\program\Debug\Obj\SEEKFREE_MPU6050.o"
#        "E:\1A智能车实验室\平衡信标组\大佬代码\MM32F3277
#        完赛程序 5.5\Project\IAR\program\Debug\Obj\SEEKFREE_MT9V03X.o"
#        "E:\1A智能车实验室\平衡信标组\大佬代码\MM32F3277
#        完赛程序 5.5\Project\IAR\program\Debug\Obj\SEEKFREE_OLED.o"
#        "E:\1A智能车实验室\平衡信标组\大佬代码\MM32F3277
#        完赛程序 5.5\Project\IAR\program\Debug\Obj\SEEKFREE_PRINTF.o"
#        "E:\1A智能车实验室\平衡信标组\大佬代码\MM32F3277
#        完赛程序 5.5\Project\IAR\program\Debug\Obj\SEEKFREE_TSL1401.o"
#        "E:\1A智能车实验室\平衡信标组\大佬代码\MM32F3277
#        完赛程序 5.5\Project\IAR\program\Debug\Obj\SEEKFREE_UART_7725.o"
#        "E:\1A智能车实验室\平衡信标组\大佬代码\MM32F3277
#        完赛程序 5.5\Project\IAR\program\Debug\Obj\SEEKFREE_VIRSCO.o"
#        "E:\1A智能车实验室\平衡信标组\大佬代码\MM32F3277
#        完赛程序 5.5\Project\IAR\program\Debug\Obj\SEEKFREE_WIRELESS.o"
#        "E:\1A智能车实验室\平衡信标组\大佬代码\MM32F3277
#        完赛程序 5.5\Project\IAR\program\Debug\Obj\speed_out.o"
#        "E:\1A智能车实验室\平衡信标组\大佬代码\MM32F3277
#        完赛程序
#        5.5\Project\IAR\program\Debug\Obj\startup_mm32f327x_iar.o"
#        "E:\1A智能车实验室\平衡信标组\大佬代码\MM32F3277
#        完赛程序 5.5\Project\IAR\program\Debug\Obj\system_mm32f327x.o"
#        "E:\1A智能车实验室\平衡信标组\大佬代码\MM32F3277
#        完赛程序 5.5\Project\IAR\program\Debug\Obj\vcan_usart.o"
#        "E:\1A智能车实验室\平衡信标组\大佬代码\MM32F3277
#        完赛程序 5.5\Project\IAR\program\Debug\Obj\zf_adc.o"
#        "E:\1A智能车实验室\平衡信标组\大佬代码\MM32F3277
#        完赛程序 5.5\Project\IAR\program\Debug\Obj\zf_camera.o"
#        "E:\1A智能车实验室\平衡信标组\大佬代码\MM32F3277
#        完赛程序 5.5\Project\IAR\program\Debug\Obj\zf_exti.o"
#        "E:\1A智能车实验室\平衡信标组\大佬代码\MM32F3277
#        完赛程序 5.5\Project\IAR\program\Debug\Obj\zf_flash.o"
#        "E:\1A智能车实验室\平衡信标组\大佬代码\MM32F3277
#        完赛程序 5.5\Project\IAR\program\Debug\Obj\zf_fsmc.o"
#        "E:\1A智能车实验室\平衡信标组\大佬代码\MM32F3277
#        完赛程序 5.5\Project\IAR\program\Debug\Obj\zf_gpio.o"
#        "E:\1A智能车实验室\平衡信标组\大佬代码\MM32F3277
#        完赛程序 5.5\Project\IAR\program\Debug\Obj\zf_pit.o"
#        "E:\1A智能车实验室\平衡信标组\大佬代码\MM32F3277
#        完赛程序 5.5\Project\IAR\program\Debug\Obj\zf_pwm.o"
#        "E:\1A智能车实验室\平衡信标组\大佬代码\MM32F3277
#        完赛程序 5.5\Project\IAR\program\Debug\Obj\zf_spi.o"
#        "E:\1A智能车实验室\平衡信标组\大佬代码\MM32F3277
#        完赛程序 5.5\Project\IAR\program\Debug\Obj\zf_systick.o"
#        "E:\1A智能车实验室\平衡信标组\大佬代码\MM32F3277
#        完赛程序 5.5\Project\IAR\program\Debug\Obj\zf_tim.o"
#        "E:\1A智能车实验室\平衡信标组\大佬代码\MM32F3277
#        完赛程序 5.5\Project\IAR\program\Debug\Obj\zf_uart.o"
#        --no_out_extension -o
#        "E:\1A智能车实验室\平衡信标组\大佬代码\MM32F3277
#        完赛程序 5.5\Project\IAR\program\Debug\Exe\MM32F3277.out" --map
#        "E:\1A智能车实验室\平衡信标组\大佬代码\MM32F3277
#        完赛程序 5.5\Project\IAR\program\Debug\List\MM32F3277.map"
#        --config
#        "E:\1A智能车实验室\平衡信标组\大佬代码\MM32F3277
#        完赛程序 5.5\Project\IAR\program\MM32F3270.icf" --semihosting
#        --entry __iar_program_start --vfe --text_out locale)
#
###############################################################################

*******************************************************************************
*** RUNTIME MODEL ATTRIBUTES
***

CppFlavor       = *
__SystemLibrary = DLib
__dlib_version  = 6


*******************************************************************************
*** HEAP SELECTION
***

The basic heap was selected because no calls to memory allocation
functions were found in the application outside of system library
functions, and there are calls to deallocation functions in the
application.


*******************************************************************************
*** PLACEMENT SUMMARY
***

"A0":  place at 0x800'0000 { ro section .intvec };
"P1":  place in [from 0x800'0000 to 0x807'ffff] { ro };
define block CSTACK with size = 8K, alignment = 8 { };
define block HEAP with size = 2K, alignment = 8 { };
"P2":  place in [from 0x2000'0000 to 0x2001'ffff] {
          rw, block CSTACK, block HEAP };
initialize by copy { rw };

  Section            Kind         Address    Size  Object
  -------            ----         -------    ----  ------
"A0":                                       0x190
  .intvec            ro code   0x800'0000   0x190  startup_mm32f327x_iar.o [1]
                             - 0x800'0190   0x190

"P1":                                      0x56dd
  .text              ro code   0x800'0190   0x808  Picture_deal.o [1]
  .text              ro code   0x800'0998   0x2e0  zf_gpio.o [1]
  .text              ro code   0x800'0c78    0x48  FltToDbl.o [3]
  .text              ro code   0x800'0cc0    0x24  S32ToFlt.o [3]
  .text              ro code   0x800'0ce4    0xfc  FltDiv.o [3]
  .text              ro code   0x800'0de0   0x1a2  DblMul.o [3]
  .text              ro code   0x800'0f82    0x3a  zero_init3.o [4]
  .text              ro code   0x800'0fbc   0x17a  DblAdd.o [3]
  .rodata            const     0x800'1136     0x2  vcan_usart.o [1]
  .text              ro code   0x800'1138    0x68  DblToFlt.o [3]
  .text              ro code   0x800'11a0    0xe2  FltAdd.o [3]
  .rodata            const     0x800'1282     0x2  vcan_usart.o [1]
  .text              ro code   0x800'1284    0xd8  FltMul.o [3]
  .text              ro code   0x800'135c    0x2a  FltToS32.o [3]
  .text              ro code   0x800'1386     0x2  startup_mm32f327x_iar.o [1]
  .text              ro code   0x800'1388    0x24  FltCmpGe.o [3]
  .text              ro code   0x800'13ac    0x24  FltCmpLe.o [3]
  .text              ro code   0x800'13d0    0xe2  DblSub.o [3]
  .text              ro code   0x800'14b4    0x80  FltSub.o [3]
  .rodata            const     0x800'1534   0x5f0  SEEKFREE_FONT.o [1]
  .text              ro code   0x800'1b24   0x59c  isr.o [1]
  .text              ro code   0x800'20c0   0x284  speed_out.o [1]
  .text              ro code   0x800'2344   0x3c4  AngleControl.o [1]
  .text              ro code   0x800'2708   0x108  pwm_out.o [1]
  .text              ro code   0x800'2810    0x7c  SEEKFREE_UART_7725.o [1]
  .text              ro code   0x800'288c   0x240  SEEKFREE_MT9V03X.o [1]
  .text              ro code   0x800'2acc   0x138  hal_exti.o [1]
  .text              ro code   0x800'2c04    0x34  SEEKFREE_7725.o [1]
  .text              ro code   0x800'2c38   0x128  hal_dma.o [1]
  .text              ro code   0x800'2d60   0x1d0  zf_tim.o [1]
  .text              ro code   0x800'2f30    0x1c  U32ToFlt.o [3]
  .text              ro code   0x800'2f4c    0x1a  U32ToDbl.o [3]
  .text              ro code   0x800'2f68   0x246  DblDiv.o [3]
  .text              ro code   0x800'31b0   0x200  SEEKFREE_ICM20602.o [1]
  .text              ro code   0x800'33b0    0x22  S32ToDbl.o [3]
  .text              ro code   0x800'33d4   0x10a  atan2_64.o [3]
  .text              ro code   0x800'34e0   0x3e0  zf_pwm.o [1]
  .text              ro code   0x800'38c0   0x27c  zf_uart.o [1]
  .text              ro code   0x800'3b3c    0x50  zf_systick.o [1]
  .text              ro code   0x800'3b8c   0x100  zf_exti.o [1]
  .text              ro code   0x800'3c8c    0x34  common.o [1]
  .text              ro code   0x800'3cc0   0x21c  zf_camera.o [1]
  .text              ro code   0x800'3edc    0x6c  hal_rcc.o [1]
  .text              ro code   0x800'3f48   0x2c0  zf_spi.o [1]
  .text              ro code   0x800'4208   0x210  iar_Atan64.o [3]
  .text              ro code   0x800'4418    0x70  hal_misc.o [1]
  .text              ro code   0x800'4488   0x138  hal_tim.o [1]
  .text              ro code   0x800'45c0   0x528  SEEKFREE_18TFT.o [1]
  .text              ro code   0x800'4ae8    0x18  SEEKFREE_ASSERT.o [1]
  .text              ro code   0x800'4b00    0x28  printf.o [2]
  .text              ro code   0x800'4b28   0x13e  xprintftiny.o [2]
  .text              ro code   0x800'4c68    0x36  strlen.o [4]
  .text              ro code   0x800'4ca0   0x2b0  system_mm32f327x.o [1]
  .text              ro code   0x800'4f50   0x24c  button_conrtol.o [1]
  .text              ro code   0x800'519c    0xf0  main.o [1]
  .text              ro code   0x800'528c    0x48  board.o [1]
  .text              ro code   0x800'52d4    0x2a  SEEKFREE_WIRELESS.o [1]
  .text              ro code   0x800'5300    0xec  zf_pit.o [1]
  .text              ro code   0x800'53ec    0x64  vcan_usart.o [1]
  .text              ro code   0x800'5450    0x4c  OTSU.o [1]
  .rodata            const     0x800'549c    0x80  SEEKFREE_18TFT.o [1]
  .rodata            const     0x800'551c    0x2c  SEEKFREE_ASSERT.o [1]
  .rodata            const     0x800'5548    0x40  iar_Atan64.o [3]
  .text              ro code   0x800'5588    0x38  packbits_init_single.o [4]
  .text              ro code   0x800'55c0    0x28  data_init.o [4]
  .iar.init_table    const     0x800'55e8    0x20  - Linker created -
  .text              ro code   0x800'5608    0x1e  cmain.o [4]
  .text              ro code   0x800'5626     0x4  low_level_init.o [2]
  .text              ro code   0x800'562a     0x4  exit.o [2]
  .text              ro code   0x800'5630     0xa  cexit.o [4]
  .text              ro code   0x800'563c    0x14  exit.o [5]
  .rodata            const     0x800'5650    0x18  main.o [1]
  .text              ro code   0x800'5668    0x16  xprout.o [2]
  .text              ro code   0x800'5680     0xc  putchar.o [2]
  .rodata            const     0x800'568c    0x14  main.o [1]
  .rodata            const     0x800'56a0    0x10  button_conrtol.o [1]
  .rodata            const     0x800'56b0    0x10  button_conrtol.o [1]
  .text              ro code   0x800'56c0    0x10  startup_mm32f327x_iar.o [1]
  .rodata            const     0x800'56d0     0xc  SEEKFREE_18TFT.o [1]
  .rodata            const     0x800'56dc     0xc  SEEKFREE_18TFT.o [1]
  .rodata            const     0x800'56e8     0xc  SEEKFREE_18TFT.o [1]
  .rodata            const     0x800'56f4     0xc  SEEKFREE_18TFT.o [1]
  .text              ro code   0x800'5700     0xc  cstartup_M.o [4]
  .rodata            const     0x800'570c     0x8  zf_pit.o [1]
  .rodata            const     0x800'5714     0x4  speed_out.o [1]
  .rodata            const     0x800'5718     0x0  zero_init3.o [4]
  .rodata            const     0x800'5718     0x0  packbits_init_single.o [4]
  Initializer bytes  const     0x800'5718   0x155  <for P2-1>
                             - 0x800'586d  0x56dd

"P2", part 1 of 3:                          0x177
  P2-1                        0x2000'0000   0x177  <Init block>
    .data            inited   0x2000'0000     0x4  AngleControl.o [1]
    .data            inited   0x2000'0004     0x4  AngleControl.o [1]
    .data            inited   0x2000'0008     0x4  AngleControl.o [1]
    .data            inited   0x2000'000c     0x4  AngleControl.o [1]
    .data            inited   0x2000'0010     0x4  AngleControl.o [1]
    .data            inited   0x2000'0014     0x4  AngleControl.o [1]
    .data            inited   0x2000'0018    0x2c  AngleControl.o [1]
    .data            inited   0x2000'0044     0x4  main.o [1]
    .data            inited   0x2000'0048     0x4  main.o [1]
    .data            inited   0x2000'004c     0x4  Picture_deal.o [1]
    .data            inited   0x2000'0050     0x4  Picture_deal.o [1]
    .data            inited   0x2000'0054     0x4  Picture_deal.o [1]
    .data            inited   0x2000'0058     0x4  Picture_deal.o [1]
    .data            inited   0x2000'005c     0x4  pwm_out.o [1]
    .data            inited   0x2000'0060     0x4  pwm_out.o [1]
    .data            inited   0x2000'0064     0x4  pwm_out.o [1]
    .data            inited   0x2000'0068    0x24  SEEKFREE_MT9V03X.o [1]
    .data            inited   0x2000'008c    0x20  SEEKFREE_MT9V03X.o [1]
    .data            inited   0x2000'00ac     0x4  speed_out.o [1]
    .data            inited   0x2000'00b0     0x4  speed_out.o [1]
    .data            inited   0x2000'00b4     0x4  system_mm32f327x.o [1]
    .data            inited   0x2000'00b8    0x20  zf_gpio.o [1]
    .data            inited   0x2000'00d8     0xc  zf_spi.o [1]
    .data            inited   0x2000'00e4    0x20  zf_tim.o [1]
    .data            inited   0x2000'0104    0x20  zf_uart.o [1]
    .data            inited   0x2000'0124     0x8  zf_uart.o [1]
    .data            inited   0x2000'012c    0x48  xfiles.o [2]
    .data            inited   0x2000'0174     0x1  AngleControl.o [1]
    .data            inited   0x2000'0175     0x1  main.o [1]
    .data            inited   0x2000'0176     0x1  speed_out.o [1]
                            - 0x2000'0177   0x177

"P2", part 2 of 3:                         0x4ebc
  .bss               zero     0x2000'0178  0x2580  SEEKFREE_MT9V03X.o [1]
  .bss               zero     0x2000'26f8  0x2580  SEEKFREE_MT9V03X.o [1]
  .bss               zero     0x2000'4c78   0x118  Picture_deal.o [1]
  .bss               zero     0x2000'4d90   0x118  Picture_deal.o [1]
  .bss               zero     0x2000'4ea8    0x50  xfiles.o [2]
  .bss               zero     0x2000'4ef8    0x20  zf_pwm.o [1]
  .bss               zero     0x2000'4f18    0x14  Picture_deal.o [1]
  .bss               zero     0x2000'4f2c    0x14  speed_out.o [1]
  .bss               zero     0x2000'4f40    0x10  main.o [1]
  .bss               zero     0x2000'4f50     0x4  AngleControl.o [1]
  .bss               zero     0x2000'4f54     0x4  AngleControl.o [1]
  .bss               zero     0x2000'4f58     0x4  AngleControl.o [1]
  .bss               zero     0x2000'4f5c     0x4  AngleControl.o [1]
  .bss               zero     0x2000'4f60     0x4  AngleControl.o [1]
  .bss               zero     0x2000'4f64     0x4  AngleControl.o [1]
  .bss               zero     0x2000'4f68     0x4  AngleControl.o [1]
  .bss               zero     0x2000'4f6c     0x4  AngleControl.o [1]
  .bss               zero     0x2000'4f70     0x4  AngleControl.o [1]
  .bss               zero     0x2000'4f74     0x4  AngleControl.o [1]
  .bss               zero     0x2000'4f78     0x4  AngleControl.o [1]
  .bss               zero     0x2000'4f7c     0x4  AngleControl.o [1]
  .bss               zero     0x2000'4f80     0x4  AngleControl.o [1]
  .bss               zero     0x2000'4f84     0x4  AngleControl.o [1]
  .bss               zero     0x2000'4f88     0x4  AngleControl.o [1]
  .bss               zero     0x2000'4f8c     0x4  AngleControl.o [1]
  .bss               zero     0x2000'4f90     0x4  AngleControl.o [1]
  .bss               zero     0x2000'4f94     0x4  AngleControl.o [1]
  .bss               zero     0x2000'4f98     0x4  AngleControl.o [1]
  .bss               zero     0x2000'4f9c     0x4  AngleControl.o [1]
  .bss               zero     0x2000'4fa0     0x4  common.o [1]
  .bss               zero     0x2000'4fa4     0x4  main.o [1]
  .bss               zero     0x2000'4fa8     0x4  Picture_deal.o [1]
  .bss               zero     0x2000'4fac     0x4  Picture_deal.o [1]
  .bss               zero     0x2000'4fb0     0x4  pwm_out.o [1]
  .bss               zero     0x2000'4fb4     0x4  pwm_out.o [1]
  .bss               zero     0x2000'4fb8     0x4  SEEKFREE_MT9V03X.o [1]
  .bss               zero     0x2000'4fbc     0x4  SEEKFREE_UART_7725.o [1]
  .bss               zero     0x2000'4fc0     0x4  speed_out.o [1]
  .bss               zero     0x2000'4fc4     0x4  speed_out.o [1]
  .bss               zero     0x2000'4fc8     0x4  speed_out.o [1]
  .bss               zero     0x2000'4fcc     0x4  speed_out.o [1]
  .bss               zero     0x2000'4fd0     0x4  speed_out.o [1]
  .bss               zero     0x2000'4fd4     0x4  speed_out.o [1]
  .bss               zero     0x2000'4fd8     0x4  speed_out.o [1]
  .bss               zero     0x2000'4fdc     0x4  speed_out.o [1]
  .bss               zero     0x2000'4fe0     0x4  speed_out.o [1]
  .bss               zero     0x2000'4fe4     0x4  speed_out.o [1]
  .bss               zero     0x2000'4fe8     0x2  Picture_deal.o [1]
  .bss               zero     0x2000'4fea     0x2  Picture_deal.o [1]
  .bss               zero     0x2000'4fec     0x2  Picture_deal.o [1]
  .bss               zero     0x2000'4fee     0x2  Picture_deal.o [1]
  .bss               zero     0x2000'4ff0     0x2  Picture_deal.o [1]
  .bss               zero     0x2000'4ff2     0x2  Picture_deal.o [1]
  .bss               zero     0x2000'4ff4     0x2  Picture_deal.o [1]
  .bss               zero     0x2000'4ff6     0x2  Picture_deal.o [1]
  .bss               zero     0x2000'4ff8     0x2  Picture_deal.o [1]
  .bss               zero     0x2000'4ffa     0x2  Picture_deal.o [1]
  .bss               zero     0x2000'4ffc     0x2  SEEKFREE_ICM20602.o [1]
  .bss               zero     0x2000'4ffe     0x2  SEEKFREE_ICM20602.o [1]
  .bss               zero     0x2000'5000     0x2  SEEKFREE_ICM20602.o [1]
  .bss               zero     0x2000'5002     0x2  SEEKFREE_ICM20602.o [1]
  .bss               zero     0x2000'5004     0x2  SEEKFREE_ICM20602.o [1]
  .bss               zero     0x2000'5006     0x2  SEEKFREE_ICM20602.o [1]
  .bss               zero     0x2000'5008     0x2  speed_out.o [1]
  .bss               zero     0x2000'500a     0x2  speed_out.o [1]
  .bss               zero     0x2000'500c     0x2  speed_out.o [1]
  .bss               zero     0x2000'500e     0x1  button_conrtol.o [1]
  .bss               zero     0x2000'500f     0x1  button_conrtol.o [1]
  .bss               zero     0x2000'5010     0x1  button_conrtol.o [1]
  .bss               zero     0x2000'5011     0x1  button_conrtol.o [1]
  .bss               zero     0x2000'5012     0x1  button_conrtol.o [1]
  .bss               zero     0x2000'5013     0x1  button_conrtol.o [1]
  .bss               zero     0x2000'5014     0x1  button_conrtol.o [1]
  .bss               zero     0x2000'5015     0x1  button_conrtol.o [1]
  .bss               zero     0x2000'5016     0x1  button_conrtol.o [1]
  .bss               zero     0x2000'5017     0x1  button_conrtol.o [1]
  .bss               zero     0x2000'5018     0x1  button_conrtol.o [1]
  .bss               zero     0x2000'5019     0x1  button_conrtol.o [1]
  .bss               zero     0x2000'501a     0x1  button_conrtol.o [1]
  .bss               zero     0x2000'501b     0x1  button_conrtol.o [1]
  .bss               zero     0x2000'501c     0x1  button_conrtol.o [1]
  .bss               zero     0x2000'501d     0x1  button_conrtol.o [1]
  .bss               zero     0x2000'501e     0x1  common.o [1]
  .bss               zero     0x2000'501f     0x1  isr.o [1]
  .bss               zero     0x2000'5020     0x1  isr.o [1]
  .bss               zero     0x2000'5021     0x1  isr.o [1]
  .bss               zero     0x2000'5022     0x1  Picture_deal.o [1]
  .bss               zero     0x2000'5023     0x1  Picture_deal.o [1]
  .bss               zero     0x2000'5024     0x1  Picture_deal.o [1]
  .bss               zero     0x2000'5025     0x1  Picture_deal.o [1]
  .bss               zero     0x2000'5026     0x1  Picture_deal.o [1]
  .bss               zero     0x2000'5027     0x1  Picture_deal.o [1]
  .bss               zero     0x2000'5028     0x1  Picture_deal.o [1]
  .bss               zero     0x2000'5029     0x1  Picture_deal.o [1]
  .bss               zero     0x2000'502a     0x1  SEEKFREE_7725.o [1]
  .bss               zero     0x2000'502b     0x1  SEEKFREE_MT9V03X.o [1]
  .bss               zero     0x2000'502c     0x1  SEEKFREE_MT9V03X.o [1]
  .bss               zero     0x2000'502d     0x1  SEEKFREE_MT9V03X.o [1]
  .bss               zero     0x2000'502e     0x1  SEEKFREE_UART_7725.o [1]
  .bss               zero     0x2000'502f     0x1  SEEKFREE_UART_7725.o [1]
  .bss               zero     0x2000'5030     0x1  SEEKFREE_UART_7725.o [1]
                            - 0x2000'5031  0x4eb9

"P2", part 3 of 3:                         0x2000
  CSTACK                      0x2000'5038  0x2000  <Block>
    CSTACK           uninit   0x2000'5038  0x2000  <Block tail>
                            - 0x2000'7038  0x2000

Unused ranges:

         From           To      Size
         ----           --      ----
   0x800'586d   0x807'ffff  0x7'a793
  0x2000'0177  0x2000'0177       0x1
  0x2000'5034  0x2000'5037       0x4
  0x2000'7038  0x2001'ffff  0x1'8fc8


*******************************************************************************
*** INIT TABLE
***

          Address      Size
          -------      ----
Zero (__iar_zero_init3)
    1 destination range, total size 0x4eb9:
          0x2000'0178  0x4eb9

Copy/packbits (__iar_packbits_init_single3)
    1 source range, total size 0x155 (90% of destination):
           0x800'5718   0x155
    1 destination range, total size 0x177:
          0x2000'0000   0x177



*******************************************************************************
*** MODULE SUMMARY
***

    Module                   ro code  ro data  rw data
    ------                   -------  -------  -------
command line/config:
    --------------------------------------------------
    Total:

E:\1A智能车实验室\平衡信标组\大佬代码\MM32F3277 完赛程序 5.5\Project\IAR\program\Debug\Obj: [1]
    AngleControl.o               964       62      149
    OTSU.o                        76
    Picture_deal.o             2 056       14      632
    SEEKFREE_18TFT.o           1 320      176
    SEEKFREE_7725.o               52                 1
    SEEKFREE_ASSERT.o             24       44
    SEEKFREE_FONT.o                     1 520
    SEEKFREE_ICM20602.o          512                12
    SEEKFREE_MT9V03X.o           576       62   19 275
    SEEKFREE_UART_7725.o         124                 7
    SEEKFREE_WIRELESS.o           42
    board.o                       72
    button_conrtol.o             588       32       16
    common.o                      52                 5
    hal_dma.o                    296
    hal_exti.o                   312
    hal_misc.o                   112
    hal_rcc.o                    108
    hal_tim.o                    312
    isr.o                      1 436                 3
    main.o                       240       53       29
    pwm_out.o                    264       11       20
    speed_out.o                  644       12       75
    startup_mm32f327x_iar.o      418
    system_mm32f327x.o           688        4        4
    vcan_usart.o                 100        4
    zf_camera.o                  540
    zf_exti.o                    256
    zf_gpio.o                    736       29       32
    zf_pit.o                     236        8
    zf_pwm.o                     992                32
    zf_spi.o                     704       11       12
    zf_systick.o                  80
    zf_tim.o                     464       29       32
    zf_uart.o                    636       36       40
    --------------------------------------------------
    Total:                    16 032    2 107   20 376

dl7M_tlf.a: [2]
    exit.o                         4
    low_level_init.o               4
    printf.o                      40
    putchar.o                     12
    xfiles.o                               66      152
    xprintftiny.o                318
    xprout.o                      22
    --------------------------------------------------
    Total:                       400       66      152

m7M_tl.a: [3]
    DblAdd.o                     378
    DblDiv.o                     582
    DblMul.o                     418
    DblSub.o                     226
    DblToFlt.o                   104
    FltAdd.o                     226
    FltCmpGe.o                    36
    FltCmpLe.o                    36
    FltDiv.o                     252
    FltMul.o                     216
    FltSub.o                     128
    FltToDbl.o                    72
    FltToS32.o                    42
    S32ToDbl.o                    34
    S32ToFlt.o                    36
    U32ToDbl.o                    26
    U32ToFlt.o                    28
    atan2_64.o                   266
    iar_Atan64.o                 528       64
    --------------------------------------------------
    Total:                     3 634       64

rt7M_tl.a: [4]
    cexit.o                       10
    cmain.o                       30
    cstartup_M.o                  12
    data_init.o                   40
    packbits_init_single.o        56
    strlen.o                      54
    zero_init3.o                  58
    --------------------------------------------------
    Total:                       260

shb_l.a: [5]
    exit.o                        20
    --------------------------------------------------
    Total:                        20

    Gaps                          22
    Linker created                         32    8 192
------------------------------------------------------
    Grand Total:              20 368    2 269   28 720


*******************************************************************************
*** ENTRY LIST
***

Entry                       Address    Size  Type      Object
-----                       -------    ----  ----      ------
.iar.init_table$$Base    0x800'55e8           --   Gb  - Linker created -
.iar.init_table$$Limit   0x800'5608           --   Gb  - Linker created -
?main                    0x800'5609          Code  Gb  cmain.o [4]
ANGLE_SPEED_CONTROL_I   0x2000'0004     0x4  Data  Gb  AngleControl.o [1]
ANGLE_SPEED_CONTROL_P   0x2000'0000     0x4  Data  Gb  AngleControl.o [1]
AngSpeLim_fu            0x2000'0008     0x4  Data  Gb  AngleControl.o [1]
AngSpe_Iout             0x2000'4f6c     0x4  Data  Gb  AngleControl.o [1]
AngSpe_Pout             0x2000'4f68     0x4  Data  Gb  AngleControl.o [1]
AngleControFunlOut       0x800'2565    0x5a  Code  Gb  AngleControl.o [1]
AngleControFunlOut::i   0x2000'0174     0x1  Data  Lc  AngleControl.o [1]
AngleControl             0x800'2427   0x13e  Code  Gb  AngleControl.o [1]
AngleControl::AngleErrFilt
                        0x2000'4f8c     0x4  Data  Lc  AngleControl.o [1]
AngleControl::AngleErrNew
                        0x2000'4f88     0x4  Data  Lc  AngleControl.o [1]
AngleControl::AngleErrOld
                        0x2000'4f84     0x4  Data  Lc  AngleControl.o [1]
AngleControl::SpeedControlOutFilt
                        0x2000'4f98     0x4  Data  Lc  AngleControl.o [1]
AngleControl::SpeedControlOutNew
                        0x2000'4f94     0x4  Data  Lc  AngleControl.o [1]
AngleControl::SpeedControlOutOld
                        0x2000'4f90     0x4  Data  Lc  AngleControl.o [1]
AngleControlOut         0x2000'4f60     0x4  Data  Gb  AngleControl.o [1]
AngleControlOutNew      0x2000'4f78     0x4  Data  Gb  AngleControl.o [1]
AngleControlOutOld      0x2000'4f74     0x4  Data  Gb  AngleControl.o [1]
Angle_All_ERR           0x2000'4f70     0x4  Data  Gb  AngleControl.o [1]
Angle_Speed_Control      0x800'25bf    0x9a  Code  Gb  AngleControl.o [1]
Angle_Speed_Control::Car_Angle_Speed_Last_err
                        0x2000'4f9c     0x4  Data  Lc  AngleControl.o [1]
Angle_Speed_Out         0x2000'4f64     0x4  Data  Gb  AngleControl.o [1]
AutoCalPllFactor         0x800'4ce5    0x54  Code  Gb  system_mm32f327x.o [1]
BusFault_Handler         0x800'3cb7     0x2  Code  Gb  common.o [1]
CSTACK$$Base            0x2000'5038           --   Gb  - Linker created -
CSTACK$$Limit           0x2000'7038           --   Gb  - Linker created -
Car_Angle_Speed_err     0x2000'4f80     0x4  Data  Gb  AngleControl.o [1]
Center_W                0x2000'004c     0x4  Data  Gb  Picture_deal.o [1]
Coordinate_Filter        0x800'01f3    0x60  Code  Gb  Picture_deal.o [1]
Coordinate_Filter::Data
                        0x2000'4f18    0x14  Data  Lc  Picture_deal.o [1]
DELAY_xUs                0x800'4d39    0x2e  Code  Lc  system_mm32f327x.o [1]
DMA1_Channel1_IRQHandler
                         0x800'1eed    0x14  Code  Gb  isr.o [1]
DMA1_Channel2_IRQHandler
                         0x800'1f01    0x14  Code  Gb  isr.o [1]
DMA1_Channel3_IRQHandler
                         0x800'1f15    0x18  Code  Gb  isr.o [1]
DMA1_Channel4_IRQHandler
                         0x800'1f2d    0x3e  Code  Gb  isr.o [1]
DMA1_Channel5_IRQHandler
                         0x800'1f6b    0x18  Code  Gb  isr.o [1]
DMA1_Channel6_IRQHandler
                         0x800'1f83    0x18  Code  Gb  isr.o [1]
DMA1_Channel7_IRQHandler
                         0x800'1f9b    0x18  Code  Gb  isr.o [1]
DMA2_Channel1_IRQHandler
                         0x800'1fb3    0x16  Code  Gb  isr.o [1]
DMA2_Channel2_IRQHandler
                         0x800'1fc9    0x16  Code  Gb  isr.o [1]
DMA2_Channel3_IRQHandler
                         0x800'1fdf    0x16  Code  Gb  isr.o [1]
DMA2_Channel4_IRQHandler
                         0x800'1ff5    0x16  Code  Gb  isr.o [1]
DMA2_Channel5_IRQHandler
                         0x800'200b    0x16  Code  Gb  isr.o [1]
DMA_ClearFlag            0x800'2d37    0x12  Code  Gb  hal_dma.o [1]
DMA_Cmd                  0x800'2ce3     0xe  Code  Gb  hal_dma.o [1]
DMA_DeInit               0x800'2c39    0x5a  Code  Gb  hal_dma.o [1]
DMA_GetFlagStatus        0x800'2d0d    0x2a  Code  Gb  hal_dma.o [1]
DMA_ITConfig             0x800'2cf1    0x1c  Code  Gb  hal_dma.o [1]
DMA_Init                 0x800'2c93    0x50  Code  Gb  hal_dma.o [1]
DebugMon_Handler         0x800'3cbd     0x2  Code  Gb  common.o [1]
EXTI0_IRQHandler         0x800'1dbd     0xa  Code  Gb  isr.o [1]
EXTI15_10_IRQHandler     0x800'1e71    0x7c  Code  Gb  isr.o [1]
EXTI1_IRQHandler         0x800'1dc7     0xa  Code  Gb  isr.o [1]
EXTI2_IRQHandler         0x800'1dd1     0xa  Code  Gb  isr.o [1]
EXTI3_IRQHandler         0x800'1ddb     0xa  Code  Gb  isr.o [1]
EXTI4_IRQHandler         0x800'1de5     0xa  Code  Gb  isr.o [1]
EXTI9_5_IRQHandler       0x800'1def    0x82  Code  Gb  isr.o [1]
EXTI_ClearFlag           0x800'2bcd     0x6  Code  Gb  hal_exti.o [1]
EXTI_GetITStatus         0x800'2bd3    0x1a  Code  Gb  hal_exti.o [1]
EXTI_Init                0x800'2b17    0xa4  Code  Gb  hal_exti.o [1]
EXTI_LineConfig          0x800'2acd    0x4a  Code  Gb  hal_exti.o [1]
EXTI_StructInit          0x800'2bbb    0x12  Code  Gb  hal_exti.o [1]
Encoder_init             0x800'20c1    0x30  Code  Gb  speed_out.o [1]
ExpectSpeed             0x2000'500c     0x2  Data  Gb  speed_out.o [1]
FilterSpeed             0x2000'4fc8     0x4  Data  Gb  speed_out.o [1]
GET_CFG                 0x2000'008c    0x20  Data  Gb  SEEKFREE_MT9V03X.o [1]
GetRealSpeed             0x800'20f1   0x114  Code  Gb  speed_out.o [1]
GetRealSpeed::SpeedNew  0x2000'4fe4     0x4  Data  Lc  speed_out.o [1]
GetRealSpeed::SpeedOld  0x2000'4fe0     0x4  Data  Lc  speed_out.o [1]
Gyro_Turn_Angle         0x2000'4f5c     0x4  Data  Gb  AngleControl.o [1]
HardFault_Handler        0x800'3cb3     0x2  Code  Gb  common.o [1]
Kp                      0x2000'0058     0x4  Data  Gb  Picture_deal.o [1]
LeftDeadPWM             0x2000'005c     0x4  Data  Gb  pwm_out.o [1]
LeftPWM                 0x2000'4fb0     0x4  Data  Gb  pwm_out.o [1]
LeftRealSpeed           0x2000'5008     0x2  Data  Gb  speed_out.o [1]
MT9V03X_CFG             0x2000'0068    0x24  Data  Gb  SEEKFREE_MT9V03X.o [1]
MemManage_Handler        0x800'3cb5     0x2  Code  Gb  common.o [1]
NMI_Handler              0x800'3cb1     0x2  Code  Gb  common.o [1]
NVIC_Init                0x800'4419    0x5e  Code  Gb  hal_misc.o [1]
PaiXu                    0x800'01b7    0x3c  Code  Gb  Picture_deal.o [1]
PendSV_Handler           0x800'3cbf     0x2  Code  Gb  common.o [1]
PwmOut                   0x800'274d    0xb8  Code  Gb  pwm_out.o [1]
RCC_AHBPeriphClockCmd    0x800'3edd    0x20  Code  Gb  hal_rcc.o [1]
RCC_APB1PeriphClockCmd   0x800'3f1d    0x20  Code  Gb  hal_rcc.o [1]
RCC_APB2PeriphClockCmd   0x800'3efd    0x20  Code  Gb  hal_rcc.o [1]
Ratio_Encoder            0x800'5714     0x4  Data  Gb  speed_out.o [1]
RealSpeed               0x2000'4fc4     0x4  Data  Gb  speed_out.o [1]
Region$$Table$$Base      0x800'55e8           --   Gb  - Linker created -
Region$$Table$$Limit     0x800'5608           --   Gb  - Linker created -
RightDeadPWM            0x2000'0060     0x4  Data  Gb  pwm_out.o [1]
RightPWM                0x2000'4fb4     0x4  Data  Gb  pwm_out.o [1]
RightRealSpeed          0x2000'500a     0x2  Data  Gb  speed_out.o [1]
SVC_Handler              0x800'3cbb     0x2  Code  Gb  common.o [1]
Scan_Point               0x800'0253   0x2f6  Code  Gb  Picture_deal.o [1]
SetSysClock              0x800'4d67    0x26  Code  Lc  system_mm32f327x.o [1]
SetSysClockToXX          0x800'4d8d   0x170  Code  Lc  system_mm32f327x.o [1]
SpeILimit               0x2000'4fc0     0x4  Data  Gb  speed_out.o [1]
SpeKi                   0x2000'00b0     0x4  Data  Gb  speed_out.o [1]
SpeKp                   0x2000'00ac     0x4  Data  Gb  speed_out.o [1]
Spe_integral            0x2000'4fcc     0x4  Data  Gb  speed_out.o [1]
SpeedControl             0x800'2205    0x88  Code  Gb  speed_out.o [1]
SpeedControlFuncOut      0x800'228d    0x60  Code  Gb  speed_out.o [1]
SpeedControlFuncOut::i  0x2000'0176     0x1  Data  Lc  speed_out.o [1]
SpeedControlOut         0x2000'4fd4     0x4  Data  Gb  speed_out.o [1]
SpeedControlOutNew      0x2000'4fdc     0x4  Data  Gb  speed_out.o [1]
SpeedControlOutOld      0x2000'4fd8     0x4  Data  Gb  speed_out.o [1]
SpeedErrorTemp          0x2000'4f2c    0x14  Data  Gb  speed_out.o [1]
SpeedOut                0x2000'4fd0     0x4  Data  Gb  speed_out.o [1]
SystemCoreClock         0x2000'00b4     0x4  Data  Gb  system_mm32f327x.o [1]
SystemInit               0x800'4ca1    0x44  Code  Gb  system_mm32f327x.o [1]
TIM1_UP_IRQHandler       0x800'1b25    0x10  Code  Gb  isr.o [1]
TIM2_IRQHandler          0x800'1bf5    0x10  Code  Gb  isr.o [1]
TIM3_IRQHandler          0x800'1c15    0x10  Code  Gb  isr.o [1]
TIM4_IRQHandler          0x800'1c25    0x10  Code  Gb  isr.o [1]
TIM5_IRQHandler          0x800'1c05    0x10  Code  Gb  isr.o [1]
TIM6_IRQHandler          0x800'1c35    0x10  Code  Gb  isr.o [1]
TIM7_IRQHandler          0x800'1c45    0x10  Code  Gb  isr.o [1]
TIM8_UP_IRQHandler       0x800'1b35    0xc0  Code  Gb  isr.o [1]
TIM8_UP_IRQHandler::i   0x2000'501f     0x1  Data  Lc  isr.o [1]
TIM8_UP_IRQHandler::k   0x2000'5021     0x1  Data  Lc  isr.o [1]
TIM8_UP_IRQHandler::m   0x2000'5020     0x1  Data  Lc  isr.o [1]
TIM_Cmd                  0x800'44fd    0x1a  Code  Gb  hal_tim.o [1]
TIM_DMACmd               0x800'4517    0x1c  Code  Gb  hal_tim.o [1]
TIM_ETRClockMode1Config
                         0x800'4567    0x1a  Code  Gb  hal_tim.o [1]
TIM_ETRConfig            0x800'4533    0x34  Code  Gb  hal_tim.o [1]
TIM_SelectInputTrigger   0x800'4581     0xe  Code  Gb  hal_tim.o [1]
TIM_SelectMasterSlaveMode
                         0x800'459d     0xe  Code  Gb  hal_tim.o [1]
TIM_SelectSlaveMode      0x800'458f     0xe  Code  Gb  hal_tim.o [1]
TIM_TimeBaseInit         0x800'4489    0x74  Code  Gb  hal_tim.o [1]
UART1_IRQHandler         0x800'1c55    0x2a  Code  Gb  isr.o [1]
UART2_IRQHandler         0x800'1c7f    0x2a  Code  Gb  isr.o [1]
UART3_IRQHandler         0x800'1ca9    0x2a  Code  Gb  isr.o [1]
UART4_IRQHandler         0x800'1cd3    0x2a  Code  Gb  isr.o [1]
UART5_IRQHandler         0x800'1cfd    0x2a  Code  Gb  isr.o [1]
UART6_IRQHandler         0x800'1d27    0x2a  Code  Gb  isr.o [1]
UART7_IRQHandler         0x800'1d51    0x2a  Code  Gb  isr.o [1]
UART8_IRQHandler         0x800'1d7b    0x42  Code  Gb  isr.o [1]
UsageFault_Handler       0x800'3cb9     0x2  Code  Gb  common.o [1]
Wheel                   0x2000'0018    0x2c  Data  Gb  AngleControl.o [1]
X                       0x2000'4fe8     0x2  Data  Gb  Picture_deal.o [1]
X1                      0x2000'4c78   0x118  Data  Gb  Picture_deal.o [1]
Y                       0x2000'4fea     0x2  Data  Gb  Picture_deal.o [1]
Y1                      0x2000'4d90   0x118  Data  Gb  Picture_deal.o [1]
_PrintfTiny              0x800'4b41   0x126  Code  Gb  xprintftiny.o [2]
_Prout                   0x800'5669    0x16  Code  Gb  xprout.o [2]
__NVIC_SetPriorityGrouping
                         0x800'528d    0x1a  Code  Lc  board.o [1]
__Vectors                0x800'0000           --   Gb  startup_mm32f327x_iar.o [1]
__Vectors_End            0x800'0190          Data  Gb  startup_mm32f327x_iar.o [1]
__Vectors_Size {Abs}          0x190           --   Gb  startup_mm32f327x_iar.o [1]
__aeabi_assert           0x800'4ae9    0x18  Code  Gb  SEEKFREE_ASSERT.o [1]
__aeabi_cfcmple          0x800'13ad          Code  Gb  FltCmpLe.o [3]
__aeabi_cfrcmple         0x800'1389          Code  Gb  FltCmpGe.o [3]
__aeabi_d2f              0x800'1139          Code  Gb  DblToFlt.o [3]
__aeabi_dadd             0x800'0fbd          Code  Gb  DblAdd.o [3]
__aeabi_ddiv             0x800'2f69          Code  Gb  DblDiv.o [3]
__aeabi_dmul             0x800'0de1          Code  Gb  DblMul.o [3]
__aeabi_dsub             0x800'13d1          Code  Gb  DblSub.o [3]
__aeabi_f2d              0x800'0c79          Code  Gb  FltToDbl.o [3]
__aeabi_f2iz             0x800'135d          Code  Gb  FltToS32.o [3]
__aeabi_fadd             0x800'11a1          Code  Gb  FltAdd.o [3]
__aeabi_fdiv             0x800'0ce5          Code  Gb  FltDiv.o [3]
__aeabi_fmul             0x800'1285          Code  Gb  FltMul.o [3]
__aeabi_fsub             0x800'14b5          Code  Gb  FltSub.o [3]
__aeabi_i2d              0x800'33b1          Code  Gb  S32ToDbl.o [3]
__aeabi_i2f              0x800'0cc1          Code  Gb  S32ToFlt.o [3]
__aeabi_ui2d             0x800'2f4d          Code  Gb  U32ToDbl.o [3]
__aeabi_ui2f             0x800'2f31          Code  Gb  U32ToFlt.o [3]
__cmain                  0x800'5609          Code  Gb  cmain.o [4]
__exit                   0x800'563d    0x14  Code  Gb  exit.o [5]
__iar_Atan64             0x800'4209   0x210  Code  Gb  iar_Atan64.o [3]
__iar_Stdout            0x2000'012c    0x48  Data  Gb  xfiles.o [2]
__iar_atan2_64           0x800'33d5    0xfe  Code  Gb  atan2_64.o [3]
__iar_dadd               0x800'13e1          Code  Gb  DblSub.o [3]
__iar_data_init3         0x800'55c1    0x28  Code  Gb  data_init.o [4]
__iar_dsub               0x800'0fcd          Code  Gb  DblAdd.o [3]
__iar_dsubStart          0x800'0fdf          Code  Gb  DblAdd.o [3]
__iar_fadd               0x800'14c1          Code  Gb  FltSub.o [3]
__iar_fsub               0x800'11ad          Code  Gb  FltAdd.o [3]
__iar_fsubStart          0x800'11bd          Code  Gb  FltAdd.o [3]
__iar_packbits_init_single3
                         0x800'5589    0x38  Code  Gb  packbits_init_single.o [4]
__iar_program_start      0x800'5701          Code  Gb  cstartup_M.o [4]
__iar_zero_init3         0x800'0f83    0x3a  Code  Gb  zero_init3.o [4]
__low_level_init         0x800'5627     0x4  Code  Gb  low_level_init.o [2]
__vector_table           0x800'0000          Data  Gb  startup_mm32f327x_iar.o [1]
__vector_table_0x1c      0x800'001c          Data  Gb  startup_mm32f327x_iar.o [1]
_call_main               0x800'5615          Code  Gb  cmain.o [4]
_exit                    0x800'5631          Code  Gb  cexit.o [4]
_main                    0x800'5623          Code  Gb  cmain.o [4]
a                        0x800'5548    0x40  Data  Lc  iar_Atan64.o [3]
afio_init                0x800'0b07    0xe8  Code  Gb  zf_gpio.o [1]
angle_acc               0x2000'4f50     0x4  Data  Gb  AngleControl.o [1]
atan2                    0x800'33d5    0xfe  Code  Gb  atan2_64.o [3]
atan2l                   0x800'33d5    0xfe  Code  Gb  atan2_64.o [3]
beacon_x                0x2000'4fec     0x2  Data  Gb  Picture_deal.o [1]
beacon_y                0x2000'4fee     0x2  Data  Gb  Picture_deal.o [1]
bin_img                 0x2000'26f8  0x2580  Data  Gb  SEEKFREE_MT9V03X.o [1]
board_init               0x800'52b1    0x24  Code  Gb  board.o [1]
bottom                  0x2000'5028     0x1  Data  Gb  Picture_deal.o [1]
button_change            0x800'4f9d   0x1ac  Code  Gb  button_conrtol.o [1]
button_init              0x800'4f51    0x4c  Code  Gb  button_conrtol.o [1]
camera_buffer_addr      0x2000'4fa0     0x4  Data  Gb  common.o [1]
camera_dma_init          0x800'3cc1    0xc8  Code  Gb  zf_camera.o [1]
camera_tim_etr_init      0x800'3d89   0x14c  Code  Gb  zf_camera.o [1]
camera_type             0x2000'501e     0x1  Data  Gb  common.o [1]
car_angle1              0x2000'4f58     0x4  Data  Gb  AngleControl.o [1]
car_angle_err           0x2000'4f7c     0x4  Data  Gb  AngleControl.o [1]
car_state               0x2000'5022     0x1  Data  Gb  Picture_deal.o [1]
center_line              0x800'0549    0x9a  Code  Gb  Picture_deal.o [1]
control_x               0x2000'4ff0     0x2  Data  Gb  Picture_deal.o [1]
direction_d             0x2000'0054     0x4  Data  Gb  Picture_deal.o [1]
direction_i             0x2000'4fa8     0x4  Data  Gb  Picture_deal.o [1]
direction_p             0x2000'0050     0x4  Data  Gb  Picture_deal.o [1]
direction_pid            0x800'07f7    0x66  Code  Gb  Picture_deal.o [1]
direction_pwm           0x2000'4ffa     0x2  Data  Gb  Picture_deal.o [1]
distance_control         0x800'05e3   0x1c2  Code  Gb  Picture_deal.o [1]
dotcnt                  0x2000'5024     0x1  Data  Gb  Picture_deal.o [1]
duty_max                0x2000'0064     0x4  Data  Gb  pwm_out.o [1]
error_last              0x2000'4ff8     0x2  Data  Gb  Picture_deal.o [1]
errorlight              0x2000'4ff4     0x2  Data  Gb  Picture_deal.o [1]
exit                     0x800'562b     0x4  Code  Gb  exit.o [2]
exti_interrupt_init      0x800'3b8d    0xfc  Code  Gb  zf_exti.o [1]
far_nThershold          0x2000'0044     0x4  Data  Gb  main.o [1]
flag_circle             0x2000'5023     0x1  Data  Gb  Picture_deal.o [1]
fputc                    0x800'3b07    0x12  Code  Gb  zf_uart.o [1]
get_config               0x800'2931    0x62  Code  Gb  SEEKFREE_MT9V03X.o [1]
get_icm20602_accdata_spi
                         0x800'330b    0x42  Code  Gb  SEEKFREE_ICM20602.o [1]
get_icm20602_gyro_spi    0x800'334d    0x42  Code  Gb  SEEKFREE_ICM20602.o [1]
gpio_get                 0x800'0c4d    0x22  Code  Gb  zf_gpio.o [1]
gpio_group              0x2000'00b8    0x20  Data  Gb  zf_gpio.o [1]
gpio_init                0x800'0999   0x16e  Code  Gb  zf_gpio.o [1]
gpio_set                 0x800'0bef    0x5e  Code  Gb  zf_gpio.o [1]
gray_to_2bw_otsu_ys      0x800'5451    0x4c  Code  Gb  OTSU.o [1]
gyro_speed_y            0x2000'4f54     0x4  Data  Gb  AngleControl.o [1]
gyro_speed_y_ratio      0x2000'000c     0x4  Data  Gb  AngleControl.o [1]
gyro_x_ang_caculate      0x800'2345    0xe2  Code  Gb  AngleControl.o [1]
icm20602_init_spi        0x800'326f    0x9c  Code  Gb  SEEKFREE_ICM20602.o [1]
icm20602_self3_check     0x800'324d    0x22  Code  Lc  SEEKFREE_ICM20602.o [1]
icm_acc_x               0x2000'5002     0x2  Data  Gb  SEEKFREE_ICM20602.o [1]
icm_acc_y               0x2000'5004     0x2  Data  Gb  SEEKFREE_ICM20602.o [1]
icm_acc_z               0x2000'5006     0x2  Data  Gb  SEEKFREE_ICM20602.o [1]
icm_gyro_x              0x2000'4ffc     0x2  Data  Gb  SEEKFREE_ICM20602.o [1]
icm_gyro_y              0x2000'4ffe     0x2  Data  Gb  SEEKFREE_ICM20602.o [1]
icm_gyro_z              0x2000'5000     0x2  Data  Gb  SEEKFREE_ICM20602.o [1]
icm_spi_r_reg_byte       0x800'31e3    0x3e  Code  Lc  SEEKFREE_ICM20602.o [1]
icm_spi_r_reg_bytes      0x800'3221    0x2c  Code  Lc  SEEKFREE_ICM20602.o [1]
icm_spi_w_reg_byte       0x800'31b1    0x32  Code  Lc  SEEKFREE_ICM20602.o [1]
icm_zero_y              0x2000'0010     0x4  Data  Gb  AngleControl.o [1]
integral                0x2000'4ff6     0x2  Data  Gb  Picture_deal.o [1]
k                       0x2000'0014     0x4  Data  Gb  AngleControl.o [1]
key1_flag               0x2000'501a     0x1  Data  Gb  button_conrtol.o [1]
key1_state              0x2000'500e     0x1  Data  Gb  button_conrtol.o [1]
key1_state_last         0x2000'5014     0x1  Data  Gb  button_conrtol.o [1]
key2_flag               0x2000'501b     0x1  Data  Gb  button_conrtol.o [1]
key2_state              0x2000'500f     0x1  Data  Gb  button_conrtol.o [1]
key2_state_last         0x2000'5015     0x1  Data  Gb  button_conrtol.o [1]
key3_flag               0x2000'501c     0x1  Data  Gb  button_conrtol.o [1]
key3_state              0x2000'5010     0x1  Data  Gb  button_conrtol.o [1]
key3_state_last         0x2000'5016     0x1  Data  Gb  button_conrtol.o [1]
key4_flag               0x2000'501d     0x1  Data  Gb  button_conrtol.o [1]
key4_state              0x2000'5011     0x1  Data  Gb  button_conrtol.o [1]
key4_state_last         0x2000'5017     0x1  Data  Gb  button_conrtol.o [1]
lcd_clear                0x800'4731    0x36  Code  Gb  SEEKFREE_18TFT.o [1]
lcd_init                 0x800'4767   0x29e  Code  Gb  SEEKFREE_18TFT.o [1]
lcd_set_region           0x800'467b    0xb6  Code  Lc  SEEKFREE_18TFT.o [1]
lcd_showchar             0x800'4a05    0x8a  Code  Gb  SEEKFREE_18TFT.o [1]
lcd_showstr              0x800'4a8f    0x38  Code  Gb  SEEKFREE_18TFT.o [1]
lcd_writeData            0x800'45fb    0x3a  Code  Lc  SEEKFREE_18TFT.o [1]
lcd_writeIndex           0x800'45c1    0x3a  Code  Lc  SEEKFREE_18TFT.o [1]
lcd_writedata_16bit      0x800'4635    0x46  Code  Lc  SEEKFREE_18TFT.o [1]
left                    0x2000'5025     0x1  Data  Gb  Picture_deal.o [1]
light_pwm               0x2000'4fac     0x4  Data  Gb  Picture_deal.o [1]
limit_s16                0x800'0191    0x26  Code  Gb  Picture_deal.o [1]
lose_light              0x2000'5029     0x1  Data  Gb  Picture_deal.o [1]
lost_control             0x800'085d    0x98  Code  Gb  Picture_deal.o [1]
main                     0x800'519d    0xf0  Code  Gb  main.o [1]
motor_init               0x800'2709    0x44  Code  Gb  pwm_out.o [1]
mt9v03x_dma              0x800'2a83    0x14  Code  Gb  SEEKFREE_MT9V03X.o [1]
mt9v03x_dma_init         0x800'29c5    0x46  Code  Gb  SEEKFREE_MT9V03X.o [1]
mt9v03x_exti_init        0x800'2993    0x24  Code  Gb  SEEKFREE_MT9V03X.o [1]
mt9v03x_finish_flag     0x2000'502b     0x1  Data  Gb  SEEKFREE_MT9V03X.o [1]
mt9v03x_image           0x2000'0178  0x2580  Data  Gb  SEEKFREE_MT9V03X.o [1]
mt9v03x_init             0x800'2a0b    0x64  Code  Gb  SEEKFREE_MT9V03X.o [1]
mt9v03x_tim1_etr_init    0x800'29b7     0xe  Code  Gb  SEEKFREE_MT9V03X.o [1]
mt9v03x_uart_callback    0x800'288d    0x36  Code  Gb  SEEKFREE_MT9V03X.o [1]
mt9v03x_vsync            0x800'2a6f    0x14  Code  Gb  SEEKFREE_MT9V03X.o [1]
nThershold              0x2000'4fa4     0x4  Data  Gb  main.o [1]
neal_nThershold         0x2000'0048     0x4  Data  Gb  main.o [1]
nvic_init                0x800'3c8d    0x22  Code  Gb  common.o [1]
obuf                    0x2000'4ea8    0x50  Data  Lc  xfiles.o [2]
out                      0x800'4b29    0x18  Code  Lc  xprintftiny.o [2]
ov7725_cof_uart_interrupt
                         0x800'2811    0x36  Code  Gb  SEEKFREE_UART_7725.o [1]
ov7725_dma               0x800'2c19    0x14  Code  Gb  SEEKFREE_7725.o [1]
ov7725_finish_flag      0x2000'502a     0x1  Data  Gb  SEEKFREE_7725.o [1]
ov7725_uart_dma          0x800'285b    0x14  Code  Gb  SEEKFREE_UART_7725.o [1]
ov7725_uart_finish_flag
                        0x2000'502e     0x1  Data  Gb  SEEKFREE_UART_7725.o [1]
ov7725_uart_receive     0x2000'4fbc     0x4  Data  Lc  SEEKFREE_UART_7725.o [1]
ov7725_uart_receive_flag
                        0x2000'5030     0x1  Data  Lc  SEEKFREE_UART_7725.o [1]
ov7725_uart_receive_num
                        0x2000'502f     0x1  Data  Lc  SEEKFREE_UART_7725.o [1]
ov7725_uart_vsync        0x800'2847    0x14  Code  Gb  SEEKFREE_UART_7725.o [1]
ov7725_vsync             0x800'2c05    0x14  Code  Gb  SEEKFREE_7725.o [1]
printf                   0x800'4b01    0x28  Code  Gb  printf.o [2]
putchar                  0x800'5681     0xc  Code  Gb  putchar.o [2]
pwm_duty_updata          0x800'3805    0xa4  Code  Gb  zf_pwm.o [1]
pwm_enable_state        0x2000'4ef8    0x20  Data  Gb  zf_pwm.o [1]
pwm_init                 0x800'34fb   0x30a  Code  Gb  zf_pwm.o [1]
pwm_pin_init             0x800'34e1    0x1a  Code  Lc  zf_pwm.o [1]
receive                 0x2000'4fb8     0x4  Data  Lc  SEEKFREE_MT9V03X.o [1]
receive_num             0x2000'502c     0x1  Data  Lc  SEEKFREE_MT9V03X.o [1]
right                   0x2000'5026     0x1  Data  Gb  Picture_deal.o [1]
seekfree_wireless_init   0x800'52d5    0x2a  Code  Gb  SEEKFREE_WIRELESS.o [1]
set_config               0x800'28c3    0x6e  Code  Gb  SEEKFREE_MT9V03X.o [1]
show_angle              0x2000'4f40    0x10  Data  Gb  main.o [1]
spi_index               0x2000'00d8     0xc  Data  Gb  zf_spi.o [1]
spi_init                 0x800'3fc5   0x1e4  Code  Gb  zf_spi.o [1]
spi_mosi                 0x800'41a9    0x50  Code  Gb  zf_spi.o [1]
spi_pin_init             0x800'3f49    0x7c  Code  Lc  zf_spi.o [1]
string_light             0x800'07a5    0x52  Code  Gb  Picture_deal.o [1]
strlen                   0x800'4c69          Code  Gb  strlen.o [4]
sub_row                 0x2000'0175     0x1  Data  Gb  main.o [1]
sum                     0x2000'4ff2     0x2  Data  Gb  Picture_deal.o [1]
switch1_state           0x2000'5012     0x1  Data  Gb  button_conrtol.o [1]
switch1_state_last      0x2000'5018     0x1  Data  Gb  button_conrtol.o [1]
switch2_state           0x2000'5013     0x1  Data  Gb  button_conrtol.o [1]
switch2_state_last      0x2000'5019     0x1  Data  Gb  button_conrtol.o [1]
systick_delay            0x800'3b3d    0x1e  Code  Gb  zf_systick.o [1]
systick_delay_ms         0x800'3b5b    0x20  Code  Gb  zf_systick.o [1]
tft_ascii                0x800'1534   0x5f0  Data  Gb  SEEKFREE_FONT.o [1]
tim_counter_get_count    0x800'2f11    0x12  Code  Gb  zf_tim.o [1]
tim_counter_init         0x800'2d7b   0x184  Code  Gb  zf_tim.o [1]
tim_counter_pin_init     0x800'2d61    0x1a  Code  Lc  zf_tim.o [1]
tim_counter_rst          0x800'2eff    0x12  Code  Gb  zf_tim.o [1]
tim_index               0x2000'00e4    0x20  Data  Gb  zf_tim.o [1]
tim_interrupt_init_ms    0x800'5301    0xd6  Code  Gb  zf_pit.o [1]
top                     0x2000'5027     0x1  Data  Gb  Picture_deal.o [1]
uart_index              0x2000'0104    0x20  Data  Gb  zf_uart.o [1]
uart_init                0x800'38f5   0x17a  Code  Gb  zf_uart.o [1]
uart_irq                0x2000'0124     0x8  Data  Gb  zf_uart.o [1]
uart_pin_init            0x800'38c1    0x34  Code  Lc  zf_uart.o [1]
uart_putbuff             0x800'3a8d    0x2c  Code  Gb  zf_uart.o [1]
uart_putchar             0x800'3a6f    0x1e  Code  Gb  zf_uart.o [1]
uart_receive_flag       0x2000'502d     0x1  Data  Lc  SEEKFREE_MT9V03X.o [1]
uart_rx_irq              0x800'3ab9    0x4e  Code  Gb  zf_uart.o [1]
usart1_putbuff           0x800'53fb    0x1a  Code  Gb  vcan_usart.o [1]
usart1_send_char         0x800'53ed     0xe  Code  Gb  vcan_usart.o [1]
vcan_sendware_wireless   0x800'5415    0x32  Code  Gb  vcan_usart.o [1]


[1] = E:\1A智能车实验室\平衡信标组\大佬代码\MM32F3277 完赛程序 5.5\Project\IAR\program\Debug\Obj
[2] = dl7M_tlf.a
[3] = m7M_tl.a
[4] = rt7M_tl.a
[5] = shb_l.a

  20 368 bytes of readonly  code memory
   2 269 bytes of readonly  data memory
  28 720 bytes of readwrite data memory

Errors: none
Warnings: none
