Component: ARM Compiler 5.06 update 7 (build 960) Tool: armlink [4d3601]

==============================================================================

Section Cross References

    isr.o(i.DMA1_Channel1_IRQHandler) refers to hal_dma.o(i.DMA_GetFlagStatus) for DMA_GetFlagStatus
    isr.o(i.DMA1_Channel1_IRQHandler) refers to hal_dma.o(i.DMA_ClearFlag) for DMA_ClearFlag
    isr.o(i.DMA1_Channel2_IRQHandler) refers to hal_dma.o(i.DMA_GetFlagStatus) for DMA_GetFlagStatus
    isr.o(i.DMA1_Channel2_IRQHandler) refers to hal_dma.o(i.DMA_ClearFlag) for DMA_ClearFlag
    isr.o(i.DMA1_Channel3_IRQHandler) refers to hal_dma.o(i.DMA_GetFlagStatus) for DMA_GetFlagStatus
    isr.o(i.DMA1_Channel3_IRQHandler) refers to hal_dma.o(i.DMA_ClearFlag) for DMA_ClearFlag
    isr.o(i.DMA1_Channel4_IRQHandler) refers to hal_dma.o(i.DMA_GetFlagStatus) for DMA_GetFlagStatus
    isr.o(i.DMA1_Channel4_IRQHandler) refers to hal_dma.o(i.DMA_ClearFlag) for DMA_ClearFlag
    isr.o(i.DMA1_Channel4_IRQHandler) refers to seekfree_7725.o(i.ov7725_dma) for ov7725_dma
    isr.o(i.DMA1_Channel4_IRQHandler) refers to seekfree_uart_7725.o(i.ov7725_uart_dma) for ov7725_uart_dma
    isr.o(i.DMA1_Channel4_IRQHandler) refers to seekfree_mt9v03x.o(i.mt9v03x_dma) for mt9v03x_dma
    isr.o(i.DMA1_Channel4_IRQHandler) refers to common.o(.data) for camera_type
    isr.o(i.DMA1_Channel5_IRQHandler) refers to hal_dma.o(i.DMA_GetFlagStatus) for DMA_GetFlagStatus
    isr.o(i.DMA1_Channel5_IRQHandler) refers to hal_dma.o(i.DMA_ClearFlag) for DMA_ClearFlag
    isr.o(i.DMA1_Channel6_IRQHandler) refers to hal_dma.o(i.DMA_GetFlagStatus) for DMA_GetFlagStatus
    isr.o(i.DMA1_Channel6_IRQHandler) refers to hal_dma.o(i.DMA_ClearFlag) for DMA_ClearFlag
    isr.o(i.DMA1_Channel7_IRQHandler) refers to hal_dma.o(i.DMA_GetFlagStatus) for DMA_GetFlagStatus
    isr.o(i.DMA1_Channel7_IRQHandler) refers to hal_dma.o(i.DMA_ClearFlag) for DMA_ClearFlag
    isr.o(i.DMA2_Channel1_IRQHandler) refers to hal_dma.o(i.DMA_GetFlagStatus) for DMA_GetFlagStatus
    isr.o(i.DMA2_Channel1_IRQHandler) refers to hal_dma.o(i.DMA_ClearFlag) for DMA_ClearFlag
    isr.o(i.DMA2_Channel2_IRQHandler) refers to hal_dma.o(i.DMA_GetFlagStatus) for DMA_GetFlagStatus
    isr.o(i.DMA2_Channel2_IRQHandler) refers to hal_dma.o(i.DMA_ClearFlag) for DMA_ClearFlag
    isr.o(i.DMA2_Channel3_IRQHandler) refers to hal_dma.o(i.DMA_GetFlagStatus) for DMA_GetFlagStatus
    isr.o(i.DMA2_Channel3_IRQHandler) refers to hal_dma.o(i.DMA_ClearFlag) for DMA_ClearFlag
    isr.o(i.DMA2_Channel4_IRQHandler) refers to hal_dma.o(i.DMA_GetFlagStatus) for DMA_GetFlagStatus
    isr.o(i.DMA2_Channel4_IRQHandler) refers to hal_dma.o(i.DMA_ClearFlag) for DMA_ClearFlag
    isr.o(i.DMA2_Channel5_IRQHandler) refers to hal_dma.o(i.DMA_GetFlagStatus) for DMA_GetFlagStatus
    isr.o(i.DMA2_Channel5_IRQHandler) refers to hal_dma.o(i.DMA_ClearFlag) for DMA_ClearFlag
    isr.o(i.EXTI0_IRQHandler) refers to hal_exti.o(i.EXTI_ClearFlag) for EXTI_ClearFlag
    isr.o(i.EXTI15_10_IRQHandler) refers to hal_exti.o(i.EXTI_GetITStatus) for EXTI_GetITStatus
    isr.o(i.EXTI15_10_IRQHandler) refers to hal_exti.o(i.EXTI_ClearFlag) for EXTI_ClearFlag
    isr.o(i.EXTI1_IRQHandler) refers to hal_exti.o(i.EXTI_ClearFlag) for EXTI_ClearFlag
    isr.o(i.EXTI2_IRQHandler) refers to hal_exti.o(i.EXTI_ClearFlag) for EXTI_ClearFlag
    isr.o(i.EXTI3_IRQHandler) refers to hal_exti.o(i.EXTI_ClearFlag) for EXTI_ClearFlag
    isr.o(i.EXTI4_IRQHandler) refers to hal_exti.o(i.EXTI_ClearFlag) for EXTI_ClearFlag
    isr.o(i.EXTI9_5_IRQHandler) refers to hal_exti.o(i.EXTI_GetITStatus) for EXTI_GetITStatus
    isr.o(i.EXTI9_5_IRQHandler) refers to hal_exti.o(i.EXTI_ClearFlag) for EXTI_ClearFlag
    isr.o(i.EXTI9_5_IRQHandler) refers to seekfree_7725.o(i.ov7725_vsync) for ov7725_vsync
    isr.o(i.EXTI9_5_IRQHandler) refers to seekfree_uart_7725.o(i.ov7725_uart_vsync) for ov7725_uart_vsync
    isr.o(i.EXTI9_5_IRQHandler) refers to seekfree_mt9v03x.o(i.mt9v03x_vsync) for mt9v03x_vsync
    isr.o(i.EXTI9_5_IRQHandler) refers to common.o(.data) for camera_type
    isr.o(i.TIM8_UP_IRQHandler) refers to speed_out.o(i.SpeedControl) for SpeedControl
    isr.o(i.TIM8_UP_IRQHandler) refers to speed_out.o(i.SpeedControlFuncOut) for SpeedControlFuncOut
    isr.o(i.TIM8_UP_IRQHandler) refers to anglecontrol.o(i.AngleControl) for AngleControl
    isr.o(i.TIM8_UP_IRQHandler) refers to picture_deal.o(i.distance_control) for distance_control
    isr.o(i.TIM8_UP_IRQHandler) refers to picture_deal.o(i.direction_pid) for direction_pid
    isr.o(i.TIM8_UP_IRQHandler) refers to anglecontrol.o(i.AngleControFunlOut) for AngleControFunlOut
    isr.o(i.TIM8_UP_IRQHandler) refers to anglecontrol.o(i.Angle_Speed_Control) for Angle_Speed_Control
    isr.o(i.TIM8_UP_IRQHandler) refers to picture_deal.o(i.lost_control) for lost_control
    isr.o(i.TIM8_UP_IRQHandler) refers to pwm_out.o(i.PwmOut) for PwmOut
    isr.o(i.TIM8_UP_IRQHandler) refers to isr.o(.data) for i
[...]
    i.UART1_IRQHandler                       0x08002058   Section        0  isr.o(i.UART1_IRQHandler)
    i.UART2_IRQHandler                       0x08002094   Section        0  isr.o(i.UART2_IRQHandler)
    i.UART3_IRQHandler                       0x080020d0   Section        0  isr.o(i.UART3_IRQHandler)
    i.UART4_IRQHandler                       0x0800210c   Section        0  isr.o(i.UART4_IRQHandler)
    i.UART5_IRQHandler                       0x08002148   Section        0  isr.o(i.UART5_IRQHandler)
    i.UART6_IRQHandler                       0x0800217c   Section        0  isr.o(i.UART6_IRQHandler)
    i.UART7_IRQHandler                       0x080021b8   Section        0  isr.o(i.UART7_IRQHandler)
    i.UART8_IRQHandler                       0x080021f4   Section        0  isr.o(i.UART8_IRQHandler)
    i.UsageFault_Handler                     0x08002254   Section        0  common.o(i.UsageFault_Handler)
    i.__0printf$3                            0x08002258   Section        0  printf3.o(i.__0printf$3)
    i.__ARM_fpclassify                       0x08002278   Section        0  fpclassify.o(i.__ARM_fpclassify)
    i.__aeabi_assert                         0x080022a0   Section        0  seekfree_assert.o(i.__aeabi_assert)
    i.__kernel_poly                          0x080022e4   Section        0  poly.o(i.__kernel_poly)
    i.__mathlib_dbl_infnan                   0x0800238e   Section        0  dunder.o(i.__mathlib_dbl_infnan)
    i.__mathlib_dbl_infnan2                  0x08002394   Section        0  dunder.o(i.__mathlib_dbl_infnan2)
    i.__mathlib_dbl_underflow                0x08002398   Section        0  dunder.o(i.__mathlib_dbl_underflow)
    i.__scatterload_copy                     0x080023a8   Section       14  handlers.o(i.__scatterload_copy)
    i.__scatterload_null                     0x080023b6   Section        2  handlers.o(i.__scatterload_null)
    i.__scatterload_zeroinit                 0x080023b8   Section       14  handlers.o(i.__scatterload_zeroinit)
    i.__set_errno                            0x080023c8   Section        0  errno.o(i.__set_errno)
    i._printf_core                           0x080023d4   Section        0  printf3.o(i._printf_core)
    _printf_core                             0x080023d5   Thumb Code   436  printf3.o(i._printf_core)
    i.afio_init                              0x0800258c   Section        0  zf_gpio.o(i.afio_init)
    i.atan                                   0x08002670   Section        0  atan.o(i.atan)
    i.atan2                                  0x08002890   Section        0  atan2.o(i.atan2)
    i.board_init                             0x08002a2c   Section        0  board.o(i.board_init)
    i.button_change                          0x08002a68   Section        0  button_conrtol.o(i.button_change)
    i.button_init                            0x08002c7c   Section        0  button_conrtol.o(i.button_init)
    i.camera_dma_init                        0x08002cc8   Section        0  zf_camera.o(i.camera_dma_init)
    i.camera_tim_etr_init                    0x08002dc4   Section        0  zf_camera.o(i.camera_tim_etr_init)
    i.center_line                            0x08002ee0   Section        0  picture_deal.o(i.center_line)
    i.direction_pid                          0x08002f88   Section        0  picture_deal.o(i.direction_pid)
    i.distance_control                       0x08003038   Section        0  picture_deal.o(i.distance_control)
    i.exti_interrupt_init                    0x080032fc   Section        0  zf_exti.o(i.exti_interrupt_init)
    i.fputc                                  0x080033d4   Section        0  zf_uart.o(i.fputc)
    i.get_config                             0x080033f0   Section        0  seekfree_mt9v03x.o(i.get_config)
    i.get_icm20602_accdata_spi               0x08003458   Section        0  seekfree_icm20602.o(i.get_icm20602_accdata_spi)
    i.get_icm20602_gyro_spi                  0x080034ac   Section        0  seekfree_icm20602.o(i.get_icm20602_gyro_spi)
    i.gpio_get                               0x08003500   Section        0  zf_gpio.o(i.gpio_get)
    i.gpio_init                              0x08003524   Section        0  zf_gpio.o(i.gpio_init)
    i.gpio_set                               0x08003670   Section        0  zf_gpio.o(i.gpio_set)
    i.gray_to_2bw_otsu_ys                    0x080036b8   Section        0  otsu.o(i.gray_to_2bw_otsu_ys)
    i.gyro_x_ang_caculate                    0x08003728   Section        0  anglecontrol.o(i.gyro_x_ang_caculate)
    i.icm20602_init_spi                      0x08003870   Section        0  seekfree_icm20602.o(i.icm20602_init_spi)
    i.icm20602_self3_check                   0x0800390c   Section        0  seekfree_icm20602.o(i.icm20602_self3_check)
    icm20602_self3_check                     0x0800390d   Thumb Code    32  seekfree_icm20602.o(i.icm20602_self3_check)
    i.icm_spi_r_reg_byte                     0x0800392c   Section        0  seekfree_icm20602.o(i.icm_spi_r_reg_byte)
    icm_spi_r_reg_byte                       0x0800392d   Thumb Code    72  seekfree_icm20602.o(i.icm_spi_r_reg_byte)
    i.icm_spi_r_reg_bytes                    0x08003978   Section        0  seekfree_icm20602.o(i.icm_spi_r_reg_bytes)
    icm_spi_r_reg_bytes                      0x08003979   Thumb Code    52  seekfree_icm20602.o(i.icm_spi_r_reg_bytes)
    i.icm_spi_w_reg_byte                     0x080039b0   Section        0  seekfree_icm20602.o(i.icm_spi_w_reg_byte)
    icm_spi_w_reg_byte                       0x080039b1   Thumb Code    60  seekfree_icm20602.o(i.icm_spi_w_reg_byte)
    i.lcd_clear                              0x080039f0   Section        0  seekfree_18tft.o(i.lcd_clear)
    i.lcd_init                               0x08003a20   Section        0  seekfree_18tft.o(i.lcd_init)
    i.lcd_set_region                         0x08003cf4   Section        0  seekfree_18tft.o(i.lcd_set_region)
    lcd_set_region                           0x08003cf5   Thumb Code   154  seekfree_18tft.o(i.lcd_set_region)
    i.lcd_showchar                           0x08003e10   Section        0  seekfree_18tft.o(i.lcd_showchar)
    i.lcd_showstr                            0x08003e78   Section        0  seekfree_18tft.o(i.lcd_showstr)
    i.lcd_writeData                          0x08003eac   Section        0  seekfree_18tft.o(i.lcd_writeData)
    lcd_writeData                            0x08003ead   Thumb Code    64  seekfree_18tft.o(i.lcd_writeData)
    i.lcd_writeIndex                         0x08003ef0   Section        0  seekfree_18tft.o(i.lcd_writeIndex)
    lcd_writeIndex                           0x08003ef1   Thumb Code    64  seekfree_18tft.o(i.lcd_writeIndex)
    i.lcd_writedata_16bit                    0x08003f34   Section        0  seekfree_18tft.o(i.lcd_writedata_16bit)
    lcd_writedata_16bit                      0x08003f35   Thumb Code    78  seekfree_18tft.o(i.lcd_writedata_16bit)
    i.limit_s16                              0x08003f88   Section        0  picture_deal.o(i.limit_s16)
    i.lost_control                           0x08003f98   Section        0  picture_deal.o(i.lost_control)
    i.main                                   0x0800408c   Section        0  main.o(i.main)
    i.motor_init                             0x080041a4   Section        0  pwm_out.o(i.motor_init)
    i.mt9v03x_dma                            0x080041e8   Section        0  seekfree_mt9v03x.o(i.mt9v03x_dma)
    i.mt9v03x_dma_init                       0x08004208   Section        0  seekfree_mt9v03x.o(i.mt9v03x_dma_init)
    i.mt9v03x_exti_init                      0x08004258   Section        0  seekfree_mt9v03x.o(i.mt9v03x_exti_init)
    i.mt9v03x_init                           0x0800427c   Section        0  seekfree_mt9v03x.o(i.mt9v03x_init)
    i.mt9v03x_tim1_etr_init                  0x080042f8   Section        0  seekfree_mt9v03x.o(i.mt9v03x_tim1_etr_init)
    i.mt9v03x_uart_callback                  0x08004308   Section        0  seekfree_mt9v03x.o(i.mt9v03x_uart_callback)
    i.mt9v03x_vsync                          0x0800435c   Section        0  seekfree_mt9v03x.o(i.mt9v03x_vsync)
    i.nvic_init                              0x08004374   Section        0  common.o(i.nvic_init)
    i.ov7725_cof_uart_interrupt              0x0800439c   Section        0  seekfree_uart_7725.o(i.ov7725_cof_uart_interrupt)
    i.ov7725_dma                             0x080043f0   Section        0  seekfree_7725.o(i.ov7725_dma)
    i.ov7725_uart_dma                        0x08004410   Section        0  seekfree_uart_7725.o(i.ov7725_uart_dma)
    i.ov7725_uart_vsync                      0x08004430   Section        0  seekfree_uart_7725.o(i.ov7725_uart_vsync)
    i.ov7725_vsync                           0x08004448   Section        0  seekfree_7725.o(i.ov7725_vsync)
    i.pwm_duty_updata                        0x08004460   Section        0  zf_pwm.o(i.pwm_duty_updata)
    i.pwm_init                               0x08004510   Section        0  zf_pwm.o(i.pwm_init)
    i.pwm_pin_init                           0x080047b4   Section        0  zf_pwm.o(i.pwm_pin_init)
    pwm_pin_init                             0x080047b5   Thumb Code    20  zf_pwm.o(i.pwm_pin_init)
    i.seekfree_wireless_init                 0x080047c8   Section        0  seekfree_wireless.o(i.seekfree_wireless_init)
    i.set_config                             0x080047f0   Section        0  seekfree_mt9v03x.o(i.set_config)
    i.spi_init                               0x08004868   Section        0  zf_spi.o(i.spi_init)
    i.spi_mosi                               0x08004a28   Section        0  zf_spi.o(i.spi_mosi)
    i.spi_pin_init                           0x08004a78   Section        0  zf_spi.o(i.spi_pin_init)
    spi_pin_init                             0x08004a79   Thumb Code    88  zf_spi.o(i.spi_pin_init)
    i.string_light                           0x08004ad0   Section        0  picture_deal.o(i.string_light)
    i.systick_delay                          0x08004b60   Section        0  zf_systick.o(i.systick_delay)
    i.systick_delay_ms                       0x08004b88   Section        0  zf_systick.o(i.systick_delay_ms)
    i.tim_counter_get_count                  0x08004bb0   Section        0  zf_tim.o(i.tim_counter_get_count)
    i.tim_counter_init                       0x08004bc8   Section        0  zf_tim.o(i.tim_counter_init)
    i.tim_counter_pin_init                   0x08004d1c   Section        0  zf_tim.o(i.tim_counter_pin_init)
    tim_counter_pin_init                     0x08004d1d   Thumb Code    20  zf_tim.o(i.tim_counter_pin_init)
    i.tim_counter_rst                        0x08004d30   Section        0  zf_tim.o(i.tim_counter_rst)
    i.tim_interrupt_init_ms                  0x08004d44   Section        0  zf_pit.o(i.tim_interrupt_init_ms)
    i.uart_init                              0x08004e1c   Section        0  zf_uart.o(i.uart_init)
    i.uart_pin_init                          0x08004fb0   Section        0  zf_uart.o(i.uart_pin_init)
    uart_pin_init                            0x08004fb1   Thumb Code    36  zf_uart.o(i.uart_pin_init)
    i.uart_putbuff                           0x08004fd4   Section        0  zf_uart.o(i.uart_putbuff)
    i.uart_putchar                           0x08005004   Section        0  zf_uart.o(i.uart_putchar)
    i.uart_rx_irq                            0x08005024   Section        0  zf_uart.o(i.uart_rx_irq)
    i.usart1_putbuff                         0x0800506c   Section        0  vcan_usart.o(i.usart1_putbuff)
    i.usart1_send_char                       0x08005086   Section        0  vcan_usart.o(i.usart1_send_char)
    i.vcan_sendware_wireless                 0x08005094   Section        0  vcan_usart.o(i.vcan_sendware_wireless)
    .constdata                               0x080050c8   Section     7048  seekfree_font.o(.constdata)
    .constdata                               0x08006c50   Section      152  atan.o(.constdata)
    atanhi                                   0x08006c50   Data          32  atan.o(.constdata)
    atanlo                                   0x08006c70   Data          32  atan.o(.constdata)
    aTodd                                    0x08006c90   Data          40  atan.o(.constdata)
    aTeven                                   0x08006cb8   Data          48  atan.o(.constdata)
    .constdata                               0x08006ce8   Section        8  qnan.o(.constdata)
    .data                                    0x20000000   Section       11  isr.o(.data)
    i                                        0x20000008   Data           1  isr.o(.data)
    m                                        0x20000009   Data           1  isr.o(.data)
    k                                        0x2000000a   Data           1  isr.o(.data)
    .data                                    0x2000000c   Section       16  main.o(.data)
    .data                                    0x2000001c   Section       20  pwm_out.o(.data)
    .data                                    0x20000030   Section       61  speed_out.o(.data)
    SpeedOld                                 0x20000064   Data           4  speed_out.o(.data)
    SpeedNew                                 0x20000068   Data           4  speed_out.o(.data)
    i                                        0x2000006c   Data           1  speed_out.o(.data)
    .data                                    0x20000070   Section      164  anglecontrol.o(.data)
    AngleErrOld                              0x200000f4   Data           4  anglecontrol.o(.data)
    AngleErrNew                              0x200000f8   Data           4  anglecontrol.o(.data)
    AngleErrFilt                             0x200000fc   Data           4  anglecontrol.o(.data)
    SpeedControlOutOld                       0x20000100   Data           4  anglecontrol.o(.data)
    SpeedControlOutNew                       0x20000104   Data           4  anglecontrol.o(.data)
    SpeedControlOutFilt                      0x20000108   Data           4  anglecontrol.o(.data)
    i                                        0x2000010c   Data           1  anglecontrol.o(.data)
    Car_Angle_Speed_Last_err                 0x20000110   Data           4  anglecontrol.o(.data)
    .data                                    0x20000114   Section       20  button_conrtol.o(.data)
    .data                                    0x20000128   Section       61  picture_deal.o(.data)
    .data                                    0x20000168   Section        8  common.o(.data)
    .data                                    0x20000170   Section       20  system_mm32f327x.o(.data)
    .data                                    0x20000184   Section       32  zf_gpio.o(.data)
    .data                                    0x200001a4   Section       12  zf_spi.o(.data)
    .data                                    0x200001b0   Section       32  zf_tim.o(.data)
    .data                                    0x200001d0   Section       40  zf_uart.o(.data)
    .data                                    0x200001f8   Section        4  seekfree_7725.o(.data)
    ov7725_simiic_delay_time                 0x200001fa   Data           2  seekfree_7725.o(.data)
    .data                                    0x200001fc   Section       12  seekfree_icm20602.o(.data)
    .data                                    0x20000208   Section       74  seekfree_mt9v03x.o(.data)
    receive                                  0x20000209   Data           3  seekfree_mt9v03x.o(.data)
    receive_num                              0x2000020c   Data           1  seekfree_mt9v03x.o(.data)
    uart_receive_flag                        0x2000020d   Data           1  seekfree_mt9v03x.o(.data)
    .data                                    0x20000252   Section       51  seekfree_uart_7725.o(.data)
    ov7725_uart_receive                      0x20000280   Data           3  seekfree_uart_7725.o(.data)
    ov7725_uart_receive_num                  0x20000283   Data           1  seekfree_uart_7725.o(.data)
    ov7725_uart_receive_flag                 0x20000284   Data           1  seekfree_uart_7725.o(.data)
    .data                                    0x20000288   Section        4  stdout.o(.data)
    .data                                    0x2000028c   Section        4  errno.o(.data)
    _errno                                   0x2000028c   Data           4  errno.o(.data)
    .bss                                     0x20000290   Section       16  main.o(.bss)
    .bss                                     0x200002a0   Section       20  speed_out.o(.bss)
    .bss                                     0x200002b4   Section      578  picture_deal.o(.bss)
    Data                                     0x200004e4   Data          18  picture_deal.o(.bss)
    .bss                                     0x200004f8   Section       32  zf_pwm.o(.bss)
    .bss                                     0x20000518   Section    19200  seekfree_mt9v03x.o(.bss)
    STACK                                    0x20005018   Section     8192  startup_mm32f327x_keil.o(STACK)

    Global Symbols

    Symbol Name                              Value     Ov Type        Size  Object(Section)

    BuildAttributes$$THM_ISAv4$P$D$K$B$S$PE$A:L22UL41UL21$X:L11$S22US41US21$IEEE1$IW$USESV6$~STKCKD$USESV7$~SHL$OTIME$ROPI$IEEEX$EBA8$MICROLIB$REQ8$PRES8$EABIv2 0x00000000   Number         0  anon$$obj.o ABSOLUTE
    __ARM_use_no_argv                        0x00000000   Number         0  main.o ABSOLUTE
    _printf_a                                0x00000000   Number         0  stubs.o ABSOLUTE
    _printf_c                                0x00000000   Number         0  stubs.o ABSOLUTE
    _printf_charcount                        0x00000000   Number         0  stubs.o ABSOLUTE
    _printf_d                                0x00000000   Number         0  stubs.o ABSOLUTE
    _printf_e                                0x00000000   Number         0  stubs.o ABSOLUTE
    _printf_f                                0x00000000   Number         0  stubs.o ABSOLUTE
    _printf_flags                            0x00000000   Number         0  stubs.o ABSOLUTE
    _printf_fp_dec                           0x00000000   Number         0  stubs.o ABSOLUTE
    _printf_fp_hex                           0x00000000   Number         0  stubs.o ABSOLUTE
    _printf_g                                0x00000000   Number         0  stubs.o ABSOLUTE
    _printf_i                                0x00000000   Number         0  stubs.o ABSOLUTE
    _printf_int_dec                          0x00000000   Number         0  stubs.o ABSOLUTE
    _printf_l                                0x00000000   Number         0  stubs.o ABSOLUTE
    _printf_lc                               0x00000000   Number         0  stubs.o ABSOLUTE
    _printf_ll                               0x00000000   Number         0  stubs.o ABSOLUTE
    _printf_lld                              0x00000000   Number         0  stubs.o ABSOLUTE
    _printf_lli                              0x00000000   Number         0  stubs.o ABSOLUTE
    _printf_llo                              0x00000000   Number         0  stubs.o ABSOLUTE
    _printf_llu                              0x00000000   Number         0  stubs.o ABSOLUTE
    _printf_llx                              0x00000000   Number         0  stubs.o ABSOLUTE
    _printf_longlong_dec                     0x00000000   Number         0  stubs.o ABSOLUTE
    _printf_longlong_hex                     0x00000000   Number         0  stubs.o ABSOLUTE
    _printf_longlong_oct                     0x00000000   Number         0  stubs.o ABSOLUTE
    _printf_ls                               0x00000000   Number         0  stubs.o ABSOLUTE
    _printf_mbtowc                           0x00000000   Number         0  stubs.o ABSOLUTE
    _printf_n                                0x00000000   Number         0  stubs.o ABSOLUTE
    _printf_o                                0x00000000   Number         0  stubs.o ABSOLUTE
    _printf_p                                0x00000000   Number         0  stubs.o ABSOLUTE
    _printf_percent                          0x00000000   Number         0  stubs.o ABSOLUTE
    _printf_pre_padding                      0x00000000   Number         0  stubs.o ABSOLUTE
    _printf_return_value                     0x00000000   Number         0  stubs.o ABSOLUTE
    _printf_s                                0x00000000   Number         0  stubs.o ABSOLUTE
    _printf_sizespec                         0x00000000   Number         0  stubs.o ABSOLUTE
    _printf_str                              0x00000000   Number         0  stubs.o ABSOLUTE
    _printf_truncate_signed                  0x00000000   Number         0  stubs.o ABSOLUTE
    _printf_truncate_unsigned                0x00000000   Number         0  stubs.o ABSOLUTE
    _printf_u                                0x00000000   Number         0  stubs.o ABSOLUTE
    _printf_wc                               0x00000000   Number         0  stubs.o ABSOLUTE
    _printf_wctomb                           0x00000000   Number         0  stubs.o ABSOLUTE
    _printf_widthprec                        0x00000000   Number         0  stubs.o ABSOLUTE
    _printf_x                                0x00000000   Number         0  stubs.o ABSOLUTE
    __arm_fini_                               - Undefined Weak Reference
    __cpp_initialize__aeabi_                  - Undefined Weak Reference
    __cxa_finalize                            - Undefined Weak Reference
    _clock_init                               - Undefined Weak Reference
    _microlib_exit                            - Undefined Weak Reference
    __Vectors_Size                           0x00000190   Number         0  startup_mm32f327x_keil.o ABSOLUTE
    __Vectors                                0x08000000   Data           4  startup_mm32f327x_keil.o(RESET)
    __Vectors_End                            0x08000190   Data           0  startup_mm32f327x_keil.o(RESET)
    __main                                   0x08000191   Thumb Code     0  entry.o(.ARM.Collect$$$$00000000)
    _main_stk                                0x08000191   Thumb Code     0  entry2.o(.ARM.Collect$$$$00000001)
    _main_scatterload                        0x08000195   Thumb Code     0  entry5.o(.ARM.Collect$$$$00000004)
    __main_after_scatterload                 0x08000199   Thumb Code     0  entry5.o(.ARM.Collect$$$$00000004)
    _main_clock                              0x08000199   Thumb Code     0  entry7b.o(.ARM.Collect$$$$00000008)
    _main_cpp_init                           0x08000199   Thumb Code     0  entry8b.o(.ARM.Collect$$$$0000000A)
    _main_init                               0x08000199   Thumb Code     0  entry9a.o(.ARM.Collect$$$$0000000B)
    __rt_lib_shutdown_fini                   0x080001a1   Thumb Code     0  entry12b.o(.ARM.Collect$$$$0000000E)
    __rt_final_cpp                           0x080001a5   Thumb Code     0  entry10a.o(.ARM.Collect$$$$0000000F)
    __rt_final_exit                          0x080001a5   Thumb Code     0  entry11a.o(.ARM.Collect$$$$00000011)
    Reset_Handler                            0x080001a9   Thumb Code     8  startup_mm32f327x_keil.o(.text)
    SysTick_Handler                          0x080001c1   Thumb Code     2  startup_mm32f327x_keil.o(.text)
    ADC1_2_IRQHandler                        0x080001c3   Thumb Code     0  startup_mm32f327x_keil.o(.text)
    ADC3_IRQHandler                          0x080001c3   Thumb Code     0  startup_mm32f327x_keil.o(.text)
    CAN1_RX_IRQHandler                       0x080001c3   Thumb Code     0  startup_mm32f327x_keil.o(.text)
    COMP1_2_IRQHandler                       0x080001c3   Thumb Code     0  startup_mm32f327x_keil.o(.text)
    ETH_IRQHandler                           0x080001c3   Thumb Code     0  startup_mm32f327x_keil.o(.text)
    FLASH_IRQHandler                         0x080001c3   Thumb Code     0  startup_mm32f327x_keil.o(.text)
    FlashCache_IRQHandler                    0x080001c3   Thumb Code     0  startup_mm32f327x_keil.o(.text)
    I2C1_IRQHandler                          0x080001c3   Thumb Code     0  startup_mm32f327x_keil.o(.text)
    I2C2_IRQHandler                          0x080001c3   Thumb Code     0  startup_mm32f327x_keil.o(.text)
    OTG_FS_IRQHandler                        0x080001c3   Thumb Code     0  startup_mm32f327x_keil.o(.text)
    OTG_FS_WKUP_IRQHandler                   0x080001c3   Thumb Code     0  startup_mm32f327x_keil.o(.text)
    PVD_IRQHandler                           0x080001c3   Thumb Code     0  startup_mm32f327x_keil.o(.text)
    RCC_CRS_IRQHandler                       0x080001c3   Thumb Code     0  startup_mm32f327x_keil.o(.text)
    RTCAlarm_IRQHandler                      0x080001c3   Thumb Code     0  startup_mm32f327x_keil.o(.text)
    RTC_IRQHandler                           0x080001c3   Thumb Code     0  startup_mm32f327x_keil.o(.text)
    SDIO_IRQHandler                          0x080001c3   Thumb Code     0  startup_mm32f327x_keil.o(.text)
    SPI1_IRQHandler                          0x080001c3   Thumb Code     0  startup_mm32f327x_keil.o(.text)
    SPI2_IRQHandler                          0x080001c3   Thumb Code     0  startup_mm32f327x_keil.o(.text)
    SPI3_IRQHandler                          0x080001c3   Thumb Code     0  startup_mm32f327x_keil.o(.text)
    TAMPER_IRQHandler                        0x080001c3   Thumb Code     0  startup_mm32f327x_keil.o(.text)
    TIM1_BRK_IRQHandler                      0x080001c3   Thumb Code     0  startup_mm32f327x_keil.o(.text)
    TIM1_CC_IRQHandler                       0x080001c3   Thumb Code     0  startup_mm32f327x_keil.o(.text)
    TIM1_TRG_COM_IRQHandler                  0x080001c3   Thumb Code     0  startup_mm32f327x_keil.o(.text)
    TIM8_BRK_IRQHandler                      0x080001c3   Thumb Code     0  startup_mm32f327x_keil.o(.text)
    TIM8_CC_IRQHandler                       0x080001c3   Thumb Code     0  startup_mm32f327x_keil.o(.text)
    TIM8_TRG_COM_IRQHandler                  0x080001c3   Thumb Code     0  startup_mm32f327x_keil.o(.text)
    WWDG_IRQHandler                          0x080001c3   Thumb Code     0  startup_mm32f327x_keil.o(.text)
    __aeabi_fadd                             0x080001cd   Thumb Code   164  fadd.o(.text)
    __aeabi_fsub                             0x08000271   Thumb Code     6  fadd.o(.text)
    __aeabi_frsub                            0x08000277   Thumb Code     6  fadd.o(.text)
    __aeabi_fmul                             0x0800027d   Thumb Code   100  fmul.o(.text)
    __aeabi_fdiv                             0x080002e1   Thumb Code   124  fdiv.o(.text)
    __aeabi_dadd                             0x0800035d   Thumb Code   322  dadd.o(.text)
    __aeabi_dsub                             0x0800049f   Thumb Code     6  dadd.o(.text)
    __aeabi_drsub                            0x080004a5   Thumb Code     6  dadd.o(.text)
    __aeabi_dmul                             0x080004ab   Thumb Code   228  dmul.o(.text)
    __aeabi_ddiv                             0x0800058f   Thumb Code   222  ddiv.o(.text)
    __aeabi_i2f                              0x0800066d   Thumb Code    18  fflti.o(.text)
    __aeabi_ui2f                             0x0800067f   Thumb Code    10  ffltui.o(.text)
    __aeabi_i2d                              0x08000689   Thumb Code    34  dflti.o(.text)
    __aeabi_ui2d                             0x080006ab   Thumb Code    26  dfltui.o(.text)
    __aeabi_f2iz                             0x080006c5   Thumb Code    50  ffixi.o(.text)
    __aeabi_f2uiz                            0x080006f7   Thumb Code    40  ffixui.o(.text)
    __aeabi_f2d                              0x0800071f   Thumb Code    38  f2d.o(.text)
    __aeabi_cdcmpeq                          0x08000745   Thumb Code     0  cdcmple.o(.text)
    __aeabi_cdcmple                          0x08000745   Thumb Code    48  cdcmple.o(.text)
    __aeabi_cdrcmple                         0x08000775   Thumb Code    48  cdrcmple.o(.text)
    __aeabi_d2f                              0x080007a5   Thumb Code    56  d2f.o(.text)
    __aeabi_cfcmpeq                          0x080007dd   Thumb Code     0  cfcmple.o(.text)
    __aeabi_cfcmple                          0x080007dd   Thumb Code    20  cfcmple.o(.text)
    __aeabi_cfrcmple                         0x080007f1   Thumb Code    20  cfrcmple.o(.text)
    __aeabi_uidiv                            0x08000805   Thumb Code     0  uidiv.o(.text)
    __aeabi_uidivmod                         0x08000805   Thumb Code    44  uidiv.o(.text)
    __aeabi_llsl                             0x08000831   Thumb Code    30  llshl.o(.text)
    _ll_shift_l                              0x08000831   Thumb Code     0  llshl.o(.text)
    __aeabi_llsr                             0x0800084f   Thumb Code    32  llushr.o(.text)
    _ll_ushift_r                             0x0800084f   Thumb Code     0  llushr.o(.text)
    __aeabi_lasr                             0x0800086f   Thumb Code    36  llsshr.o(.text)
    _ll_sshift_r                             0x0800086f   Thumb Code     0  llsshr.o(.text)
    __I$use$fp                               0x08000893   Thumb Code     0  iusefp.o(.text)
    _float_round                             0x08000893   Thumb Code    18  fepilogue.o(.text)
    _float_epilogue                          0x080008a5   Thumb Code    92  fepilogue.o(.text)
    _double_round                            0x08000901   Thumb Code    30  depilogue.o(.text)
    _double_epilogue                         0x0800091f   Thumb Code   156  depilogue.o(.text)
    __scatterload                            0x080009bd   Thumb Code    28  init.o(.text)
    __scatterload_rt2                        0x080009bd   Thumb Code     0  init.o(.text)
    __ARM_scalbn                             0x080009e1   Thumb Code    46  dscalb.o(.text)
    scalbn                                   0x080009e1   Thumb Code     0  dscalb.o(.text)
    __decompress                             0x08000a0f   Thumb Code     0  __dczerorl2.o(.text)
    __decompress1                            0x08000a0f   Thumb Code    86  __dczerorl2.o(.text)
    AngleControFunlOut                       0x08000a65   Thumb Code   116  anglecontrol.o(i.AngleControFunlOut)
    AngleControl                             0x08000aed   Thumb Code   392  anglecontrol.o(i.AngleControl)
    Angle_Speed_Control                      0x08000cbd   Thumb Code   196  anglecontrol.o(i.Angle_Speed_Control)
    AutoCalPllFactor                         0x08000da9   Thumb Code   102  system_mm32f327x.o(i.AutoCalPllFactor)
    BusFault_Handler                         0x08000e0f   Thumb Code     4  common.o(i.BusFault_Handler)
    Coordinate_Filter                        0x08000e15   Thumb Code   108  picture_deal.o(i.Coordinate_Filter)
    DMA1_Channel1_IRQHandler                 0x08000ec7   Thumb Code    20  isr.o(i.DMA1_Channel1_IRQHandler)
    DMA1_Channel2_IRQHandler                 0x08000edb   Thumb Code    20  isr.o(i.DMA1_Channel2_IRQHandler)
    DMA1_Channel3_IRQHandler                 0x08000eef   Thumb Code    22  isr.o(i.DMA1_Channel3_IRQHandler)
    DMA1_Channel4_IRQHandler                 0x08000f05   Thumb Code    62  isr.o(i.DMA1_Channel4_IRQHandler)
    DMA1_Channel5_IRQHandler                 0x08000f49   Thumb Code    22  isr.o(i.DMA1_Channel5_IRQHandler)
    DMA1_Channel6_IRQHandler                 0x08000f5f   Thumb Code    22  isr.o(i.DMA1_Channel6_IRQHandler)
    DMA1_Channel7_IRQHandler                 0x08000f75   Thumb Code    22  isr.o(i.DMA1_Channel7_IRQHandler)
    DMA2_Channel1_IRQHandler                 0x08000f8d   Thumb Code    20  isr.o(i.DMA2_Channel1_IRQHandler)
    DMA2_Channel2_IRQHandler                 0x08000fa5   Thumb Code    20  isr.o(i.DMA2_Channel2_IRQHandler)
    DMA2_Channel3_IRQHandler                 0x08000fbd   Thumb Code    20  isr.o(i.DMA2_Channel3_IRQHandler)
    DMA2_Channel4_IRQHandler                 0x08000fd5   Thumb Code    20  isr.o(i.DMA2_Channel4_IRQHandler)
    DMA2_Channel5_IRQHandler                 0x08000fed   Thumb Code    20  isr.o(i.DMA2_Channel5_IRQHandler)
    DMA_ClearFlag                            0x08001005   Thumb Code    20  hal_dma.o(i.DMA_ClearFlag)
    DMA_Cmd                                  0x08001021   Thumb Code    12  hal_dma.o(i.DMA_Cmd)
    DMA_DeInit                               0x0800102d   Thumb Code    82  hal_dma.o(i.DMA_DeInit)
    DMA_GetFlagStatus                        0x08001089   Thumb Code    40  hal_dma.o(i.DMA_GetFlagStatus)
    DMA_ITConfig                             0x080010b9   Thumb Code    18  hal_dma.o(i.DMA_ITConfig)
    DMA_Init                                 0x080010cb   Thumb Code    70  hal_dma.o(i.DMA_Init)
    DebugMon_Handler                         0x08001111   Thumb Code     4  common.o(i.DebugMon_Handler)
    EXTI0_IRQHandler                         0x08001115   Thumb Code    10  isr.o(i.EXTI0_IRQHandler)
    EXTI15_10_IRQHandler                     0x0800111f   Thumb Code   112  isr.o(i.EXTI15_10_IRQHandler)
    EXTI1_IRQHandler                         0x0800118f   Thumb Code    10  isr.o(i.EXTI1_IRQHandler)
    EXTI2_IRQHandler                         0x08001199   Thumb Code    10  isr.o(i.EXTI2_IRQHandler)
    EXTI3_IRQHandler                         0x080011a3   Thumb Code    10  isr.o(i.EXTI3_IRQHandler)
    EXTI4_IRQHandler                         0x080011ad   Thumb Code    10  isr.o(i.EXTI4_IRQHandler)
    EXTI9_5_IRQHandler                       0x080011b9   Thumb Code   122  isr.o(i.EXTI9_5_IRQHandler)
    EXTI_ClearFlag                           0x08001239   Thumb Code     6  hal_exti.o(i.EXTI_ClearFlag)
    EXTI_GetITStatus                         0x08001245   Thumb Code    28  hal_exti.o(i.EXTI_GetITStatus)
    EXTI_Init                                0x08001265   Thumb Code   210  hal_exti.o(i.EXTI_Init)
    EXTI_LineConfig                          0x0800133d   Thumb Code    56  hal_exti.o(i.EXTI_LineConfig)
    EXTI_StructInit                          0x08001379   Thumb Code    16  hal_exti.o(i.EXTI_StructInit)
    Encoder_init                             0x08001389   Thumb Code    48  speed_out.o(i.Encoder_init)
    GetRealSpeed                             0x080013b9   Thumb Code   312  speed_out.o(i.GetRealSpeed)
    HardFault_Handler                        0x08001515   Thumb Code     4  common.o(i.HardFault_Handler)
    MemManage_Handler                        0x08001519   Thumb Code     4  common.o(i.MemManage_Handler)
    NMI_Handler                              0x0800151d   Thumb Code     4  common.o(i.NMI_Handler)
    NVIC_Init                                0x08001521   Thumb Code    96  hal_misc.o(i.NVIC_Init)
    PaiXu                                    0x0800158d   Thumb Code    40  picture_deal.o(i.PaiXu)
    PendSV_Handler                           0x080015b5   Thumb Code     4  common.o(i.PendSV_Handler)
    PwmOut                                   0x080015b9   Thumb Code   208  pwm_out.o(i.PwmOut)
    RCC_AHBPeriphClockCmd                    0x08001695   Thumb Code    26  hal_rcc.o(i.RCC_AHBPeriphClockCmd)
    RCC_APB1PeriphClockCmd                   0x080016b5   Thumb Code    26  hal_rcc.o(i.RCC_APB1PeriphClockCmd)
    RCC_APB2PeriphClockCmd                   0x080016d5   Thumb Code    26  hal_rcc.o(i.RCC_APB2PeriphClockCmd)
    SVC_Handler                              0x080016f5   Thumb Code     4  common.o(i.SVC_Handler)
    Scan_Point                               0x080016f9   Thumb Code   666  picture_deal.o(i.Scan_Point)
    SpeedControl                             0x08001c09   Thumb Code   168  speed_out.o(i.SpeedControl)
    SpeedControlFuncOut                      0x08001cd9   Thumb Code   124  speed_out.o(i.SpeedControlFuncOut)
    SystemInit                               0x08001d6d   Thumb Code    82  system_mm32f327x.o(i.SystemInit)
    TIM1_UP_IRQHandler                       0x08001dd1   Thumb Code    14  isr.o(i.TIM1_UP_IRQHandler)
    TIM2_IRQHandler                          0x08001de5   Thumb Code    18  isr.o(i.TIM2_IRQHandler)
    TIM3_IRQHandler                          0x08001df9   Thumb Code    14  isr.o(i.TIM3_IRQHandler)
    TIM4_IRQHandler                          0x08001e0d   Thumb Code    14  isr.o(i.TIM4_IRQHandler)
    TIM5_IRQHandler                          0x08001e21   Thumb Code    14  isr.o(i.TIM5_IRQHandler)
    TIM6_IRQHandler                          0x08001e35   Thumb Code    14  isr.o(i.TIM6_IRQHandler)
    TIM7_IRQHandler                          0x08001e49   Thumb Code    14  isr.o(i.TIM7_IRQHandler)
    TIM8_UP_IRQHandler                       0x08001e5d   Thumb Code   190  isr.o(i.TIM8_UP_IRQHandler)
    TIM_Cmd                                  0x08001f49   Thumb Code    22  hal_tim.o(i.TIM_Cmd)
    TIM_DMACmd                               0x08001f5f   Thumb Code    18  hal_tim.o(i.TIM_DMACmd)
    TIM_ETRClockMode1Config                  0x08001f71   Thumb Code    32  hal_tim.o(i.TIM_ETRClockMode1Config)
    TIM_ETRConfig                            0x08001f91   Thumb Code    44  hal_tim.o(i.TIM_ETRConfig)
    TIM_SelectInputTrigger                   0x08001fbd   Thumb Code    12  hal_tim.o(i.TIM_SelectInputTrigger)
    TIM_SelectMasterSlaveMode                0x08001fc9   Thumb Code    12  hal_tim.o(i.TIM_SelectMasterSlaveMode)
    TIM_SelectSlaveMode                      0x08001fd5   Thumb Code    12  hal_tim.o(i.TIM_SelectSlaveMode)
    TIM_TimeBaseInit                         0x08001fe1   Thumb Code    98  hal_tim.o(i.TIM_TimeBaseInit)
    UART1_IRQHandler                         0x08002059   Thumb Code    54  isr.o(i.UART1_IRQHandler)
    UART2_IRQHandler                         0x08002095   Thumb Code    54  isr.o(i.UART2_IRQHandler)
    UART3_IRQHandler                         0x080020d1   Thumb Code    54  isr.o(i.UART3_IRQHandler)
    UART4_IRQHandler                         0x0800210d   Thumb Code    54  isr.o(i.UART4_IRQHandler)
    UART5_IRQHandler                         0x08002149   Thumb Code    46  isr.o(i.UART5_IRQHandler)
    UART6_IRQHandler                         0x0800217d   Thumb Code    54  isr.o(i.UART6_IRQHandler)
    UART7_IRQHandler                         0x080021b9   Thumb Code    54  isr.o(i.UART7_IRQHandler)
    UART8_IRQHandler                         0x080021f5   Thumb Code    86  isr.o(i.UART8_IRQHandler)
    UsageFault_Handler                       0x08002255   Thumb Code     4  common.o(i.UsageFault_Handler)
    __0printf$3                              0x08002259   Thumb Code    22  printf3.o(i.__0printf$3)
    __1printf$3                              0x08002259   Thumb Code     0  printf3.o(i.__0printf$3)
    __2printf                                0x08002259   Thumb Code     0  printf3.o(i.__0printf$3)
    __ARM_fpclassify                         0x08002279   Thumb Code    40  fpclassify.o(i.__ARM_fpclassify)
    __aeabi_assert                           0x080022a1   Thumb Code    24  seekfree_assert.o(i.__aeabi_assert)
    __kernel_poly                            0x080022e5   Thumb Code   170  poly.o(i.__kernel_poly)
    __mathlib_dbl_infnan                     0x0800238f   Thumb Code     6  dunder.o(i.__mathlib_dbl_infnan)
    __mathlib_dbl_infnan2                    0x08002395   Thumb Code     4  dunder.o(i.__mathlib_dbl_infnan2)
    __mathlib_dbl_underflow                  0x08002399   Thumb Code    10  dunder.o(i.__mathlib_dbl_underflow)
    __scatterload_copy                       0x080023a9   Thumb Code    14  handlers.o(i.__scatterload_copy)
    __scatterload_null                       0x080023b7   Thumb Code     2  handlers.o(i.__scatterload_null)
    __scatterload_zeroinit                   0x080023b9   Thumb Code    14  handlers.o(i.__scatterload_zeroinit)
    __set_errno                              0x080023c9   Thumb Code     6  errno.o(i.__set_errno)
    afio_init                                0x0800258d   Thumb Code   218  zf_gpio.o(i.afio_init)
    atan                                     0x08002671   Thumb Code   474  atan.o(i.atan)
    atan2                                    0x08002891   Thumb Code   374  atan2.o(i.atan2)
    board_init                               0x08002a2d   Thumb Code    52  board.o(i.board_init)
    button_change                            0x08002a69   Thumb Code   422  button_conrtol.o(i.button_change)
    button_init                              0x08002c7d   Thumb Code    76  button_conrtol.o(i.button_init)
    camera_dma_init                          0x08002cc9   Thumb Code   240  zf_camera.o(i.camera_dma_init)
    camera_tim_etr_init                      0x08002dc5   Thumb Code   280  zf_camera.o(i.camera_tim_etr_init)
    center_line                              0x08002ee1   Thumb Code   126  picture_deal.o(i.center_line)
    direction_pid                            0x08002f89   Thumb Code   146  picture_deal.o(i.direction_pid)
    distance_control                         0x08003039   Thumb Code   682  picture_deal.o(i.distance_control)
    exti_interrupt_init                      0x080032fd   Thumb Code   212  zf_exti.o(i.exti_interrupt_init)
    fputc                                    0x080033d5   Thumb Code    24  zf_uart.o(i.fputc)
    get_config                               0x080033f1   Thumb Code    96  seekfree_mt9v03x.o(i.get_config)
    get_icm20602_accdata_spi                 0x08003459   Thumb Code    72  seekfree_icm20602.o(i.get_icm20602_accdata_spi)
    get_icm20602_gyro_spi                    0x080034ad   Thumb Code    72  seekfree_icm20602.o(i.get_icm20602_gyro_spi)
    gpio_get                                 0x08003501   Thumb Code    32  zf_gpio.o(i.gpio_get)
    gpio_init                                0x08003525   Thumb Code   322  zf_gpio.o(i.gpio_init)
    gpio_set                                 0x08003671   Thumb Code    68  zf_gpio.o(i.gpio_set)
    gray_to_2bw_otsu_ys                      0x080036b9   Thumb Code   112  otsu.o(i.gray_to_2bw_otsu_ys)
    gyro_x_ang_caculate                      0x08003729   Thumb Code   272  anglecontrol.o(i.gyro_x_ang_caculate)
    icm20602_init_spi                        0x08003871   Thumb Code   150  seekfree_icm20602.o(i.icm20602_init_spi)
    lcd_clear                                0x080039f1   Thumb Code    48  seekfree_18tft.o(i.lcd_clear)
    lcd_init                                 0x08003a21   Thumb Code   716  seekfree_18tft.o(i.lcd_init)
    lcd_showchar                             0x08003e11   Thumb Code   100  seekfree_18tft.o(i.lcd_showchar)
    lcd_showstr                              0x08003e79   Thumb Code    50  seekfree_18tft.o(i.lcd_showstr)
    limit_s16                                0x08003f89   Thumb Code    16  picture_deal.o(i.limit_s16)
    lost_control                             0x08003f99   Thumb Code   208  picture_deal.o(i.lost_control)
    main                                     0x0800408d   Thumb Code   190  main.o(i.main)
    motor_init                               0x080041a5   Thumb Code    68  pwm_out.o(i.motor_init)
    mt9v03x_dma                              0x080041e9   Thumb Code    22  seekfree_mt9v03x.o(i.mt9v03x_dma)
    mt9v03x_dma_init                         0x08004209   Thumb Code    66  seekfree_mt9v03x.o(i.mt9v03x_dma_init)
    mt9v03x_exti_init                        0x08004259   Thumb Code    36  seekfree_mt9v03x.o(i.mt9v03x_exti_init)
    mt9v03x_init                             0x0800427d   Thumb Code   100  seekfree_mt9v03x.o(i.mt9v03x_init)
    mt9v03x_tim1_etr_init                    0x080042f9   Thumb Code    14  seekfree_mt9v03x.o(i.mt9v03x_tim1_etr_init)
    mt9v03x_uart_callback                    0x08004309   Thumb Code    66  seekfree_mt9v03x.o(i.mt9v03x_uart_callback)
    mt9v03x_vsync                            0x0800435d   Thumb Code    20  seekfree_mt9v03x.o(i.mt9v03x_vsync)
    nvic_init                                0x08004375   Thumb Code    40  common.o(i.nvic_init)
    ov7725_cof_uart_interrupt                0x0800439d   Thumb Code    66  seekfree_uart_7725.o(i.ov7725_cof_uart_interrupt)
    ov7725_dma                               0x080043f1   Thumb Code    22  seekfree_7725.o(i.ov7725_dma)
    ov7725_uart_dma                          0x08004411   Thumb Code    22  seekfree_uart_7725.o(i.ov7725_uart_dma)
    ov7725_uart_vsync                        0x08004431   Thumb Code    20  seekfree_uart_7725.o(i.ov7725_uart_vsync)
    ov7725_vsync                             0x08004449   Thumb Code    20  seekfree_7725.o(i.ov7725_vsync)
    pwm_duty_updata                          0x08004461   Thumb Code   168  zf_pwm.o(i.pwm_duty_updata)
    pwm_init                                 0x08004511   Thumb Code   654  zf_pwm.o(i.pwm_init)
    seekfree_wireless_init                   0x080047c9   Thumb Code    40  seekfree_wireless.o(i.seekfree_wireless_init)
    set_config                               0x080047f1   Thumb Code   110  seekfree_mt9v03x.o(i.set_config)
    spi_init                                 0x08004869   Thumb Code   434  zf_spi.o(i.spi_init)
    spi_mosi                                 0x08004a29   Thumb Code    76  zf_spi.o(i.spi_mosi)
    string_light                             0x08004ad1   Thumb Code   110  picture_deal.o(i.string_light)
    systick_delay                            0x08004b61   Thumb Code    38  zf_systick.o(i.systick_delay)
    systick_delay_ms                         0x08004b89   Thumb Code    34  zf_systick.o(i.systick_delay_ms)
    tim_counter_get_count                    0x08004bb1   Thumb Code    18  zf_tim.o(i.tim_counter_get_count)
    tim_counter_init                         0x08004bc9   Thumb Code   332  zf_tim.o(i.tim_counter_init)
    tim_counter_rst                          0x08004d31   Thumb Code    16  zf_tim.o(i.tim_counter_rst)
    tim_interrupt_init_ms                    0x08004d45   Thumb Code   196  zf_pit.o(i.tim_interrupt_init_ms)
    uart_init                                0x08004e1d   Thumb Code   392  zf_uart.o(i.uart_init)
    uart_putbuff                             0x08004fd5   Thumb Code    42  zf_uart.o(i.uart_putbuff)
    uart_putchar                             0x08005005   Thumb Code    28  zf_uart.o(i.uart_putchar)
    uart_rx_irq                              0x08005025   Thumb Code    64  zf_uart.o(i.uart_rx_irq)
    usart1_putbuff                           0x0800506d   Thumb Code    26  vcan_usart.o(i.usart1_putbuff)
    usart1_send_char                         0x08005087   Thumb Code    14  vcan_usart.o(i.usart1_send_char)
    vcan_sendware_wireless                   0x08005095   Thumb Code    44  vcan_usart.o(i.vcan_sendware_wireless)
    tft_ascii                                0x080050c8   Data        1520  seekfree_font.o(.constdata)
    gImage_qq                                0x080056b8   Data        3200  seekfree_font.o(.constdata)
    chinese_test                             0x08006338   Data         128  seekfree_font.o(.constdata)
    oled_6x8                                 0x080063b8   Data         552  seekfree_font.o(.constdata)
    oled_8x16                                0x080065e0   Data        1520  seekfree_font.o(.constdata)
    oled_16x16_chinese                       0x08006bd0   Data         128  seekfree_font.o(.constdata)
    __mathlib_zero                           0x08006ce8   Data           8  qnan.o(.constdata)
    Region$$Table$$Base                      0x08006cf0   Number         0  anon$$obj.o(Region$$Table)
    Region$$Table$$Limit                     0x08006d10   Number         0  anon$$obj.o(Region$$Table)
    right_speed                              0x20000000   Data           4  isr.o(.data)
    left_speed                               0x20000004   Data           4  isr.o(.data)
    far_nThershold                           0x2000000c   Data           4  main.o(.data)
    neal_nThershold                          0x20000010   Data           4  main.o(.data)
    sub_row                                  0x20000014   Data           1  main.o(.data)
    nThershold                               0x20000018   Data           4  main.o(.data)
    LeftPWM                                  0x2000001c   Data           4  pwm_out.o(.data)
    RightPWM                                 0x20000020   Data           4  pwm_out.o(.data)
    LeftDeadPWM                              0x20000024   Data           4  pwm_out.o(.data)
    RightDeadPWM                             0x20000028   Data           4  pwm_out.o(.data)
    duty_max                                 0x2000002c   Data           4  pwm_out.o(.data)
    SpeKp                                    0x20000030   Data           4  speed_out.o(.data)
    SpeKi                                    0x20000034   Data           4  speed_out.o(.data)
    SpeILimit                                0x20000038   Data           4  speed_out.o(.data)
    RealSpeed                                0x2000003c   Data           4  speed_out.o(.data)
    LeftRealSpeed                            0x20000040   Data           2  speed_out.o(.data)
    RightRealSpeed                           0x20000042   Data           2  speed_out.o(.data)
    FilterSpeed                              0x20000044   Data           4  speed_out.o(.data)
    ExpectSpeed                              0x20000048   Data           2  speed_out.o(.data)
    Distance                                 0x2000004c   Data           4  speed_out.o(.data)
    Spe_integral                             0x20000050   Data           4  speed_out.o(.data)
    SpeedOut                                 0x20000054   Data           4  speed_out.o(.data)
    SpeedControlOut                          0x20000058   Data           4  speed_out.o(.data)
    SpeedControlOutOld                       0x2000005c   Data           4  speed_out.o(.data)
    SpeedControlOutNew                       0x20000060   Data           4  speed_out.o(.data)
    ANGLE_SPEED_CONTROL_P                    0x20000070   Data           4  anglecontrol.o(.data)
    ANGLE_SPEED_CONTROL_I                    0x20000074   Data           4  anglecontrol.o(.data)
    AngSpeLim_fu                             0x20000078   Data           4  anglecontrol.o(.data)
    angle_acc                                0x2000007c   Data           4  anglecontrol.o(.data)
    gyro_speed_y_ratio                       0x20000080   Data           4  anglecontrol.o(.data)
    gyro_speed_y                             0x20000084   Data           4  anglecontrol.o(.data)
    icm_zero_y                               0x20000088   Data           4  anglecontrol.o(.data)
    car_angle1                               0x2000008c   Data           4  anglecontrol.o(.data)
    k                                        0x20000090   Data           4  anglecontrol.o(.data)
    Gyro_Integral_Z                          0x20000094   Data           4  anglecontrol.o(.data)
    Gyro_Turn_Angle                          0x20000098   Data           4  anglecontrol.o(.data)
    AngleControlOut                          0x2000009c   Data           4  anglecontrol.o(.data)
    Angle_Speed_Out                          0x200000a0   Data           4  anglecontrol.o(.data)
    ang_stage                                0x200000a4   Data           1  anglecontrol.o(.data)
    AngSpe_Pout                              0x200000a8   Data           4  anglecontrol.o(.data)
    AngSpe_Iout                              0x200000ac   Data           4  anglecontrol.o(.data)
    Angle_All_ERR                            0x200000b0   Data           4  anglecontrol.o(.data)
    AngleControlOutOld                       0x200000b4   Data           4  anglecontrol.o(.data)
    AngleControlOutNew                       0x200000b8   Data           4  anglecontrol.o(.data)
    car_angle_err                            0x200000bc   Data           4  anglecontrol.o(.data)
    Car_Angle_Speed_err                      0x200000c0   Data           4  anglecontrol.o(.data)
    ILimit                                   0x200000c4   Data           4  anglecontrol.o(.data)
    Wheel                                    0x200000c8   Data          44  anglecontrol.o(.data)
    key1_state                               0x20000114   Data           1  button_conrtol.o(.data)
    key2_state                               0x20000115   Data           1  button_conrtol.o(.data)
    key3_state                               0x20000116   Data           1  button_conrtol.o(.data)
    key4_state                               0x20000117   Data           1  button_conrtol.o(.data)
    switch1_state                            0x20000118   Data           1  button_conrtol.o(.data)
    switch2_state                            0x20000119   Data           1  button_conrtol.o(.data)
    key1_state_last                          0x2000011a   Data           1  button_conrtol.o(.data)
    key2_state_last                          0x2000011b   Data           1  button_conrtol.o(.data)
    key3_state_last                          0x2000011c   Data           1  button_conrtol.o(.data)
    key4_state_last                          0x2000011d   Data           1  button_conrtol.o(.data)
    switch1_state_last                       0x2000011e   Data           1  button_conrtol.o(.data)
    switch2_state_last                       0x2000011f   Data           1  button_conrtol.o(.data)
    key1_flag                                0x20000120   Data           1  button_conrtol.o(.data)
    key2_flag                                0x20000121   Data           1  button_conrtol.o(.data)
    key3_flag                                0x20000122   Data           1  button_conrtol.o(.data)
    key4_flag                                0x20000123   Data           1  button_conrtol.o(.data)
    key1_count                               0x20000124   Data           1  button_conrtol.o(.data)
    key2_count                               0x20000125   Data           1  button_conrtol.o(.data)
    key3_count                               0x20000126   Data           1  button_conrtol.o(.data)
    key4_count                               0x20000127   Data           1  button_conrtol.o(.data)
    total_count                              0x20000128   Data           2  picture_deal.o(.data)
    total                                    0x2000012a   Data           2  picture_deal.o(.data)
    X                                        0x2000012c   Data           2  picture_deal.o(.data)
    Y                                        0x2000012e   Data           2  picture_deal.o(.data)
    beacon_x                                 0x20000130   Data           2  picture_deal.o(.data)
    beacon_y                                 0x20000132   Data           2  picture_deal.o(.data)
    control_x                                0x20000134   Data           2  picture_deal.o(.data)
    y                                        0x20000136   Data           2  picture_deal.o(.data)
    car_state                                0x20000138   Data           1  picture_deal.o(.data)
    distance                                 0x20000139   Data           1  picture_deal.o(.data)
    sum                                      0x2000013a   Data           2  picture_deal.o(.data)
    flag_circle                              0x2000013c   Data           1  picture_deal.o(.data)
    dotcnt                                   0x2000013d   Data           1  picture_deal.o(.data)
    left                                     0x2000013e   Data           1  picture_deal.o(.data)
    right                                    0x2000013f   Data           1  picture_deal.o(.data)
    top                                      0x20000140   Data           1  picture_deal.o(.data)
    bottom                                   0x20000141   Data           1  picture_deal.o(.data)
    light_off                                0x20000142   Data           1  picture_deal.o(.data)
    Center_W                                 0x20000144   Data           4  picture_deal.o(.data)
    direction_p                              0x20000148   Data           4  picture_deal.o(.data)
    direction_i                              0x2000014c   Data           4  picture_deal.o(.data)
    direction_d                              0x20000150   Data           4  picture_deal.o(.data)
    errorlight                               0x20000154   Data           2  picture_deal.o(.data)
    integral                                 0x20000156   Data           2  picture_deal.o(.data)
    error_last                               0x20000158   Data           2  picture_deal.o(.data)
    direction_pwm                            0x2000015a   Data           2  picture_deal.o(.data)
    light_pwm                                0x2000015c   Data           4  picture_deal.o(.data)
    Kp                                       0x20000160   Data           4  picture_deal.o(.data)
    lose_light                               0x20000164   Data           1  picture_deal.o(.data)
    camera_type                              0x20000168   Data           1  common.o(.data)
    camera_buffer_addr                       0x2000016c   Data           4  common.o(.data)
    SystemCoreClock                          0x20000170   Data           4  system_mm32f327x.o(.data)
    AHBPrescTable                            0x20000174   Data          16  system_mm32f327x.o(.data)
    gpio_group                               0x20000184   Data          32  zf_gpio.o(.data)
    spi_index                                0x200001a4   Data          12  zf_spi.o(.data)
    tim_index                                0x200001b0   Data          32  zf_tim.o(.data)
    uart_index                               0x200001d0   Data          32  zf_uart.o(.data)
    uart_irq                                 0x200001f0   Data           8  zf_uart.o(.data)
    ov7725_finish_flag                       0x200001f8   Data           1  seekfree_7725.o(.data)
    icm_gyro_x                               0x200001fc   Data           2  seekfree_icm20602.o(.data)
    icm_gyro_y                               0x200001fe   Data           2  seekfree_icm20602.o(.data)
    icm_gyro_z                               0x20000200   Data           2  seekfree_icm20602.o(.data)
    icm_acc_x                                0x20000202   Data           2  seekfree_icm20602.o(.data)
    icm_acc_y                                0x20000204   Data           2  seekfree_icm20602.o(.data)
    icm_acc_z                                0x20000206   Data           2  seekfree_icm20602.o(.data)
    mt9v03x_finish_flag                      0x20000208   Data           1  seekfree_mt9v03x.o(.data)
    MT9V03X_CFG                              0x2000020e   Data          36  seekfree_mt9v03x.o(.data)
    GET_CFG                                  0x20000232   Data          32  seekfree_mt9v03x.o(.data)
    ov7725_uart_finish_flag                  0x20000252   Data           1  seekfree_uart_7725.o(.data)
    OV7725_CFG                               0x20000254   Data          24  seekfree_uart_7725.o(.data)
    OV7725_GET_CFG                           0x2000026c   Data          20  seekfree_uart_7725.o(.data)
    __stdout                                 0x20000288   Data           4  stdout.o(.data)
    show_angle                               0x20000290   Data          16  main.o(.bss)
    SpeedErrorTemp                           0x200002a0   Data          20  speed_out.o(.bss)
    X1                                       0x200002b4   Data         280  picture_deal.o(.bss)
    Y1                                       0x200003cc   Data         280  picture_deal.o(.bss)
    pwm_enable_state                         0x200004f8   Data          32  zf_pwm.o(.bss)
    mt9v03x_image                            0x20000518   Data        9600  seekfree_mt9v03x.o(.bss)
    bin_img                                  0x20002a98   Data        9600  seekfree_mt9v03x.o(.bss)
    __initial_sp                             0x20007018   Data           0  startup_mm32f327x_keil.o(STACK)



==============================================================================

Memory Map of the image

  Image Entry point : 0x08000191

  Load Region LR_IROM1 (Base: 0x08000000, Size: 0x00006fa0, Max: 0x00080000, ABSOLUTE, COMPRESSED[0x00006e20])

    Execution Region ER_IROM1 (Exec base: 0x08000000, Load base: 0x08000000, Size: 0x00006d10, Max: 0x00080000, ABSOLUTE)

    Exec Addr    Load Addr    Size         Type   Attr      Idx    E Section Name        Object

    0x08000000   0x08000000   0x00000190   Data   RO         1418    RESET               startup_mm32f327x_keil.o
    0x08000190   0x08000190   0x00000000   Code   RO         7641  * .ARM.Collect$$$$00000000  mc_w.l(entry.o)
    0x08000190   0x08000190   0x00000004   Code   RO         7974    .ARM.Collect$$$$00000001  mc_w.l(entry2.o)
    0x08000194   0x08000194   0x00000004   Code   RO         7977    .ARM.Collect$$$$00000004  mc_w.l(entry5.o)
    0x08000198   0x08000198   0x00000000   Code   RO         7979    .ARM.Collect$$$$00000008  mc_w.l(entry7b.o)
    0x08000198   0x08000198   0x00000000   Code   RO         7981    .ARM.Collect$$$$0000000A  mc_w.l(entry8b.o)
    0x08000198   0x08000198   0x00000008   Code   RO         7982    .ARM.Collect$$$$0000000B  mc_w.l(entry9a.o)
    0x080001a0   0x080001a0   0x00000004   Code   RO         7989    .ARM.Collect$$$$0000000E  mc_w.l(entry12b.o)
    0x080001a4   0x080001a4   0x00000000   Code   RO         7984    .ARM.Collect$$$$0000000F  mc_w.l(entry10a.o)
    0x080001a4   0x080001a4   0x00000000   Code   RO         7986    .ARM.Collect$$$$00000011  mc_w.l(entry11a.o)
    0x080001a4   0x080001a4   0x00000004   Code   RO         7975    .ARM.Collect$$$$00002712  mc_w.l(entry2.o)
    0x080001a8   0x080001a8   0x00000024   Code   RO         1419    .text               startup_mm32f327x_keil.o
    0x080001cc   0x080001cc   0x000000b0   Code   RO         7911    .text               mf_w.l(fadd.o)
    0x0800027c   0x0800027c   0x00000064   Code   RO         7913    .text               mf_w.l(fmul.o)
    0x080002e0   0x080002e0   0x0000007c   Code   RO         7915    .text               mf_w.l(fdiv.o)
    0x0800035c   0x0800035c   0x0000014e   Code   RO         7917    .text               mf_w.l(dadd.o)
    0x080004aa   0x080004aa   0x000000e4   Code   RO         7919    .text               mf_w.l(dmul.o)
    0x0800058e   0x0800058e   0x000000de   Code   RO         7921    .text               mf_w.l(ddiv.o)
    0x0800066c   0x0800066c   0x00000012   Code   RO         7923    .text               mf_w.l(fflti.o)
    0x0800067e   0x0800067e   0x0000000a   Code   RO         7925    .text               mf_w.l(ffltui.o)
    0x08000688   0x08000688   0x00000022   Code   RO         7927    .text               mf_w.l(dflti.o)
    0x080006aa   0x080006aa   0x0000001a   Code   RO         7929    .text               mf_w.l(dfltui.o)
    0x080006c4   0x080006c4   0x00000032   Code   RO         7931    .text               mf_w.l(ffixi.o)
    0x080006f6   0x080006f6   0x00000028   Code   RO         7933    .text               mf_w.l(ffixui.o)
    0x0800071e   0x0800071e   0x00000026   Code   RO         7937    .text               mf_w.l(f2d.o)
    0x08000744   0x08000744   0x00000030   Code   RO         7939    .text               mf_w.l(cdcmple.o)
    0x08000774   0x08000774   0x00000030   Code   RO         7941    .text               mf_w.l(cdrcmple.o)
    0x080007a4   0x080007a4   0x00000038   Code   RO         7943    .text               mf_w.l(d2f.o)
    0x080007dc   0x080007dc   0x00000014   Code   RO         7945    .text               mf_w.l(cfcmple.o)
    0x080007f0   0x080007f0   0x00000014   Code   RO         7947    .text               mf_w.l(cfrcmple.o)
    0x08000804   0x08000804   0x0000002c   Code   RO         7991    .text               mc_w.l(uidiv.o)
    0x08000830   0x08000830   0x0000001e   Code   RO         7993    .text               mc_w.l(llshl.o)
    0x0800084e   0x0800084e   0x00000020   Code   RO         7995    .text               mc_w.l(llushr.o)
    0x0800086e   0x0800086e   0x00000024   Code   RO         7997    .text               mc_w.l(llsshr.o)
    0x08000892   0x08000892   0x00000000   Code   RO         8006    .text               mc_w.l(iusefp.o)
    0x08000892   0x08000892   0x0000006e   Code   RO         8007    .text               mf_w.l(fepilogue.o)
    0x08000900   0x08000900   0x000000ba   Code   RO         8009    .text               mf_w.l(depilogue.o)
    0x080009ba   0x080009ba   0x00000002   PAD
    0x080009bc   0x080009bc   0x00000024   Code   RO         8017    .text               mc_w.l(init.o)
    0x080009e0   0x080009e0   0x0000002e   Code   RO         8019    .text               mf_w.l(dscalb.o)
    0x08000a0e   0x08000a0e   0x00000056   Code   RO         8029    .text               mc_w.l(__dczerorl2.o)
    0x08000a64   0x08000a64   0x00000088   Code   RO          729    i.AngleControFunlOut  anglecontrol.o
    0x08000aec   0x08000aec   0x000001d0   Code   RO          730    i.AngleControl      anglecontrol.o
    0x08000cbc   0x08000cbc   0x000000ec   Code   RO          731    i.Angle_Speed_Control  anglecontrol.o
    0x08000da8   0x08000da8   0x00000066   Code   RO         1371    i.AutoCalPllFactor  system_mm32f327x.o
    0x08000e0e   0x08000e0e   0x00000004   Code   RO         1070    i.BusFault_Handler  common.o
    0x08000e12   0x08000e12   0x00000002   PAD
    0x08000e14   0x08000e14   0x00000070   Code   RO          959    i.Coordinate_Filter  picture_deal.o
    0x08000e84   0x08000e84   0x00000042   Code   RO         1372    i.DELAY_xUs         system_mm32f327x.o
    0x08000ec6   0x08000ec6   0x00000014   Code   RO            4    i.DMA1_Channel1_IRQHandler  isr.o
    0x08000eda   0x08000eda   0x00000014   Code   RO            5    i.DMA1_Channel2_IRQHandler  isr.o
    0x08000eee   0x08000eee   0x00000016   Code   RO            6    i.DMA1_Channel3_IRQHandler  isr.o
    0x08000f04   0x08000f04   0x00000044   Code   RO            7    i.DMA1_Channel4_IRQHandler  isr.o
    0x08000f48   0x08000f48   0x00000016   Code   RO            8    i.DMA1_Channel5_IRQHandler  isr.o
    0x08000f5e   0x08000f5e   0x00000016   Code   RO            9    i.DMA1_Channel6_IRQHandler  isr.o
    0x08000f74   0x08000f74   0x00000016   Code   RO           10    i.DMA1_Channel7_IRQHandler  isr.o
    0x08000f8a   0x08000f8a   0x00000002   PAD
    0x08000f8c   0x08000f8c   0x00000018   Code   RO           11    i.DMA2_Channel1_IRQHandler  isr.o
    0x08000fa4   0x08000fa4   0x00000018   Code   RO           12    i.DMA2_Channel2_IRQHandler  isr.o
    0x08000fbc   0x08000fbc   0x00000018   Code   RO           13    i.DMA2_Channel3_IRQHandler  isr.o
    0x08000fd4   0x08000fd4   0x00000018   Code   RO           14    i.DMA2_Channel4_IRQHandler  isr.o
    0x08000fec   0x08000fec   0x00000018   Code   RO           15    i.DMA2_Channel5_IRQHandler  isr.o
    0x08001004   0x08001004   0x0000001c   Code   RO         4292    i.DMA_ClearFlag     hal_dma.o
    0x08001020   0x08001020   0x0000000c   Code   RO         4294    i.DMA_Cmd           hal_dma.o
    0x0800102c   0x0800102c   0x0000005c   Code   RO         4295    i.DMA_DeInit        hal_dma.o
    0x08001088   0x08001088   0x00000030   Code   RO         4297    i.DMA_GetFlagStatus  hal_dma.o
    0x080010b8   0x080010b8   0x00000012   Code   RO         4299    i.DMA_ITConfig      hal_dma.o
    0x080010ca   0x080010ca   0x00000046   Code   RO         4300    i.DMA_Init          hal_dma.o
    0x08001110   0x08001110   0x00000004   Code   RO         1071    i.DebugMon_Handler  common.o
    0x08001114   0x08001114   0x0000000a   Code   RO           16    i.EXTI0_IRQHandler  isr.o
    0x0800111e   0x0800111e   0x00000070   Code   RO           17    i.EXTI15_10_IRQHandler  isr.o
    0x0800118e   0x0800118e   0x0000000a   Code   RO           18    i.EXTI1_IRQHandler  isr.o
    0x08001198   0x08001198   0x0000000a   Code   RO           19    i.EXTI2_IRQHandler  isr.o
    0x080011a2   0x080011a2   0x0000000a   Code   RO           20    i.EXTI3_IRQHandler  isr.o
    0x080011ac   0x080011ac   0x0000000a   Code   RO           21    i.EXTI4_IRQHandler  isr.o
    0x080011b6   0x080011b6   0x00000002   PAD
    0x080011b8   0x080011b8   0x00000080   Code   RO           22    i.EXTI9_5_IRQHandler  isr.o
    0x08001238   0x08001238   0x0000000c   Code   RO         4902    i.EXTI_ClearFlag    hal_exti.o
    0x08001244   0x08001244   0x00000020   Code   RO         4907    i.EXTI_GetITStatus  hal_exti.o
    0x08001264   0x08001264   0x000000d8   Code   RO         4908    i.EXTI_Init         hal_exti.o
    0x0800133c   0x0800133c   0x0000003c   Code   RO         4909    i.EXTI_LineConfig   hal_exti.o
    0x08001378   0x08001378   0x00000010   Code   RO         4910    i.EXTI_StructInit   hal_exti.o
    0x08001388   0x08001388   0x00000030   Code   RO          679    i.Encoder_init      speed_out.o
    0x080013b8   0x080013b8   0x0000015c   Code   RO          680    i.GetRealSpeed      speed_out.o
    0x08001514   0x08001514   0x00000004   Code   RO         1072    i.HardFault_Handler  common.o
    0x08001518   0x08001518   0x00000004   Code   RO         1073    i.MemManage_Handler  common.o
    0x0800151c   0x0800151c   0x00000004   Code   RO         1074    i.NMI_Handler       common.o
    0x08001520   0x08001520   0x0000006c   Code   RO         5622    i.NVIC_Init         hal_misc.o
    0x0800158c   0x0800158c   0x00000028   Code   RO          960    i.PaiXu             picture_deal.o
    0x080015b4   0x080015b4   0x00000004   Code   RO         1075    i.PendSV_Handler    common.o
    0x080015b8   0x080015b8   0x000000dc   Code   RO          643    i.PwmOut            pwm_out.o
    0x08001694   0x08001694   0x00000020   Code   RO         5775    i.RCC_AHBPeriphClockCmd  hal_rcc.o
    0x080016b4   0x080016b4   0x00000020   Code   RO         5778    i.RCC_APB1PeriphClockCmd  hal_rcc.o
    0x080016d4   0x080016d4   0x00000020   Code   RO         5781    i.RCC_APB2PeriphClockCmd  hal_rcc.o
    0x080016f4   0x080016f4   0x00000004   Code   RO         1076    i.SVC_Handler       common.o
    0x080016f8   0x080016f8   0x000002ec   Code   RO          961    i.Scan_Point        picture_deal.o
    0x080019e4   0x080019e4   0x00000030   Code   RO         1373    i.SetSysClock       system_mm32f327x.o
    0x08001a14   0x08001a14   0x000001f4   Code   RO         1374    i.SetSysClockToXX   system_mm32f327x.o
    0x08001c08   0x08001c08   0x000000d0   Code   RO          681    i.SpeedControl      speed_out.o
    0x08001cd8   0x08001cd8   0x00000094   Code   RO          682    i.SpeedControlFuncOut  speed_out.o
    0x08001d6c   0x08001d6c   0x00000064   Code   RO         1375    i.SystemInit        system_mm32f327x.o
    0x08001dd0   0x08001dd0   0x00000014   Code   RO           23    i.TIM1_UP_IRQHandler  isr.o
    0x08001de4   0x08001de4   0x00000012   Code   RO           24    i.TIM2_IRQHandler   isr.o
    0x08001df6   0x08001df6   0x00000002   PAD
    0x08001df8   0x08001df8   0x00000014   Code   RO           25    i.TIM3_IRQHandler   isr.o
    0x08001e0c   0x08001e0c   0x00000014   Code   RO           26    i.TIM4_IRQHandler   isr.o
    0x08001e20   0x08001e20   0x00000014   Code   RO           27    i.TIM5_IRQHandler   isr.o
    0x08001e34   0x08001e34   0x00000014   Code   RO           28    i.TIM6_IRQHandler   isr.o
    0x08001e48   0x08001e48   0x00000014   Code   RO           29    i.TIM7_IRQHandler   isr.o
    0x08001e5c   0x08001e5c   0x000000ec   Code   RO           30    i.TIM8_UP_IRQHandler  isr.o
    0x08001f48   0x08001f48   0x00000016   Code   RO         6637    i.TIM_Cmd           hal_tim.o
    0x08001f5e   0x08001f5e   0x00000012   Code   RO         6640    i.TIM_DMACmd        hal_tim.o
    0x08001f70   0x08001f70   0x00000020   Code   RO         6644    i.TIM_ETRClockMode1Config  hal_tim.o
    0x08001f90   0x08001f90   0x0000002c   Code   RO         6646    i.TIM_ETRConfig     hal_tim.o
    0x08001fbc   0x08001fbc   0x0000000c   Code   RO         6697    i.TIM_SelectInputTrigger  hal_tim.o
    0x08001fc8   0x08001fc8   0x0000000c   Code   RO         6698    i.TIM_SelectMasterSlaveMode  hal_tim.o
    0x08001fd4   0x08001fd4   0x0000000c   Code   RO         6702    i.TIM_SelectSlaveMode  hal_tim.o
    0x08001fe0   0x08001fe0   0x00000078   Code   RO         6725    i.TIM_TimeBaseInit  hal_tim.o
    0x08002058   0x08002058   0x0000003c   Code   RO           31    i.UART1_IRQHandler  isr.o
    0x08002094   0x08002094   0x0000003c   Code   RO           32    i.UART2_IRQHandler  isr.o
    0x080020d0   0x080020d0   0x0000003c   Code   RO           33    i.UART3_IRQHandler  isr.o
    0x0800210c   0x0800210c   0x0000003c   Code   RO           34    i.UART4_IRQHandler  isr.o
    0x08002148   0x08002148   0x00000034   Code   RO           35    i.UART5_IRQHandler  isr.o
    0x0800217c   0x0800217c   0x0000003c   Code   RO           36    i.UART6_IRQHandler  isr.o
    0x080021b8   0x080021b8   0x0000003c   Code   RO           37    i.UART7_IRQHandler  isr.o
    0x080021f4   0x080021f4   0x00000060   Code   RO           38    i.UART8_IRQHandler  isr.o
    0x08002254   0x08002254   0x00000004   Code   RO         1077    i.UsageFault_Handler  common.o
    0x08002258   0x08002258   0x00000020   Code   RO         7739    i.__0printf$3       mc_w.l(printf3.o)
    0x08002278   0x08002278   0x00000028   Code   RO         8013    i.__ARM_fpclassify  m_ws.l(fpclassify.o)
    0x080022a0   0x080022a0   0x00000044   Code   RO         1161    i.__aeabi_assert    seekfree_assert.o
    0x080022e4   0x080022e4   0x000000aa   Code   RO         8015    i.__kernel_poly     m_ws.l(poly.o)
    0x0800238e   0x0800238e   0x00000006   Code   RO         7960    i.__mathlib_dbl_infnan  m_ws.l(dunder.o)
    0x08002394   0x08002394   0x00000004   Code   RO         7961    i.__mathlib_dbl_infnan2  m_ws.l(dunder.o)
    0x08002398   0x08002398   0x00000010   Code   RO         7965    i.__mathlib_dbl_underflow  m_ws.l(dunder.o)
    0x080023a8   0x080023a8   0x0000000e   Code   RO         8023    i.__scatterload_copy  mc_w.l(handlers.o)
    0x080023b6   0x080023b6   0x00000002   Code   RO         8024    i.__scatterload_null  mc_w.l(handlers.o)
    0x080023b8   0x080023b8   0x0000000e   Code   RO         8025    i.__scatterload_zeroinit  mc_w.l(handlers.o)
    0x080023c6   0x080023c6   0x00000002   PAD
    0x080023c8   0x080023c8   0x0000000c   Code   RO         8001    i.__set_errno       mc_w.l(errno.o)
    0x080023d4   0x080023d4   0x000001b8   Code   RO         7746    i._printf_core      mc_w.l(printf3.o)
    0x0800258c   0x0800258c   0x000000e4   Code   RO         1624    i.afio_init         zf_gpio.o
    0x08002670   0x08002670   0x00000220   Code   RO         7950    i.atan              m_ws.l(atan.o)
    0x08002890   0x08002890   0x0000019c   Code   RO         7634    i.atan2             m_ws.l(atan2.o)
    0x08002a2c   0x08002a2c   0x0000003c   Code   RO         1039    i.board_init        board.o
    0x08002a68   0x08002a68   0x00000214   Code   RO          814    i.button_change     button_conrtol.o
    0x08002c7c   0x08002c7c   0x0000004c   Code   RO          815    i.button_init       button_conrtol.o
    0x08002cc8   0x08002cc8   0x000000fc   Code   RO         1473    i.camera_dma_init   zf_camera.o
    0x08002dc4   0x08002dc4   0x0000011c   Code   RO         1474    i.camera_tim_etr_init  zf_camera.o
    0x08002ee0   0x08002ee0   0x000000a8   Code   RO          962    i.center_line       picture_deal.o
    0x08002f88   0x08002f88   0x000000b0   Code   RO          963    i.direction_pid     picture_deal.o
    0x08003038   0x08003038   0x000002c4   Code   RO          964    i.distance_control  picture_deal.o
    0x080032fc   0x080032fc   0x000000d8   Code   RO         1508    i.exti_interrupt_init  zf_exti.o
    0x080033d4   0x080033d4   0x0000001c   Code   RO         1945    i.fputc             zf_uart.o
    0x080033f0   0x080033f0   0x00000068   Code   RO         2998    i.get_config        seekfree_mt9v03x.o
    0x08003458   0x08003458   0x00000054   Code   RO         2358    i.get_icm20602_accdata_spi  seekfree_icm20602.o
    0x080034ac   0x080034ac   0x00000054   Code   RO         2360    i.get_icm20602_gyro_spi  seekfree_icm20602.o
    0x08003500   0x08003500   0x00000024   Code   RO         1626    i.gpio_get          zf_gpio.o
    0x08003524   0x08003524   0x0000014c   Code   RO         1627    i.gpio_init         zf_gpio.o
    0x08003670   0x08003670   0x00000048   Code   RO         1628    i.gpio_set          zf_gpio.o
    0x080036b8   0x080036b8   0x00000070   Code   RO          853    i.gray_to_2bw_otsu_ys  otsu.o
    0x08003728   0x08003728   0x00000148   Code   RO          732    i.gyro_x_ang_caculate  anglecontrol.o
    0x08003870   0x08003870   0x0000009c   Code   RO         2362    i.icm20602_init_spi  seekfree_icm20602.o
    0x0800390c   0x0800390c   0x00000020   Code   RO         2364    i.icm20602_self3_check  seekfree_icm20602.o
    0x0800392c   0x0800392c   0x0000004c   Code   RO         2365    i.icm_spi_r_reg_byte  seekfree_icm20602.o
    0x08003978   0x08003978   0x00000038   Code   RO         2366    i.icm_spi_r_reg_bytes  seekfree_icm20602.o
    0x080039b0   0x080039b0   0x00000040   Code   RO         2367    i.icm_spi_w_reg_byte  seekfree_icm20602.o
    0x080039f0   0x080039f0   0x00000030   Code   RO         2032    i.lcd_clear         seekfree_18tft.o
    0x08003a20   0x08003a20   0x000002d4   Code   RO         2039    i.lcd_init          seekfree_18tft.o
    0x08003cf4   0x08003cf4   0x0000011c   Code   RO         2040    i.lcd_set_region    seekfree_18tft.o
    0x08003e10   0x08003e10   0x00000068   Code   RO         2041    i.lcd_showchar      seekfree_18tft.o
    0x08003e78   0x08003e78   0x00000032   Code   RO         2046    i.lcd_showstr       seekfree_18tft.o
    0x08003eaa   0x08003eaa   0x00000002   PAD
    0x08003eac   0x08003eac   0x00000044   Code   RO         2049    i.lcd_writeData     seekfree_18tft.o
    0x08003ef0   0x08003ef0   0x00000044   Code   RO         2050    i.lcd_writeIndex    seekfree_18tft.o
    0x08003f34   0x08003f34   0x00000054   Code   RO         2051    i.lcd_writedata_16bit  seekfree_18tft.o
    0x08003f88   0x08003f88   0x00000010   Code   RO          965    i.limit_s16         picture_deal.o
    0x08003f98   0x08003f98   0x000000f4   Code   RO          966    i.lost_control      picture_deal.o
    0x0800408c   0x0800408c   0x00000118   Code   RO          611    i.main              main.o
    0x080041a4   0x080041a4   0x00000044   Code   RO          644    i.motor_init        pwm_out.o
    0x080041e8   0x080041e8   0x00000020   Code   RO         3000    i.mt9v03x_dma       seekfree_mt9v03x.o
    0x08004208   0x08004208   0x00000050   Code   RO         3001    i.mt9v03x_dma_init  seekfree_mt9v03x.o
    0x08004258   0x08004258   0x00000024   Code   RO         3002    i.mt9v03x_exti_init  seekfree_mt9v03x.o
    0x0800427c   0x0800427c   0x0000007c   Code   RO         3003    i.mt9v03x_init      seekfree_mt9v03x.o
    0x080042f8   0x080042f8   0x0000000e   Code   RO         3004    i.mt9v03x_tim1_etr_init  seekfree_mt9v03x.o
    0x08004306   0x08004306   0x00000002   PAD
    0x08004308   0x08004308   0x00000054   Code   RO         3005    i.mt9v03x_uart_callback  seekfree_mt9v03x.o
    0x0800435c   0x0800435c   0x00000018   Code   RO         3006    i.mt9v03x_vsync     seekfree_mt9v03x.o
    0x08004374   0x08004374   0x00000028   Code   RO         1078    i.nvic_init         common.o
    0x0800439c   0x0800439c   0x00000054   Code   RO         3256    i.ov7725_cof_uart_interrupt  seekfree_uart_7725.o
    0x080043f0   0x080043f0   0x00000020   Code   RO         2172    i.ov7725_dma        seekfree_7725.o
    0x08004410   0x08004410   0x00000020   Code   RO         3260    i.ov7725_uart_dma   seekfree_uart_7725.o
    0x08004430   0x08004430   0x00000018   Code   RO         3266    i.ov7725_uart_vsync  seekfree_uart_7725.o
    0x08004448   0x08004448   0x00000018   Code   RO         2185    i.ov7725_vsync      seekfree_7725.o
    0x08004460   0x08004460   0x000000b0   Code   RO         1733    i.pwm_duty_updata   zf_pwm.o
    0x08004510   0x08004510   0x000002a4   Code   RO         1735    i.pwm_init          zf_pwm.o
    0x080047b4   0x080047b4   0x00000014   Code   RO         1736    i.pwm_pin_init      zf_pwm.o
    0x080047c8   0x080047c8   0x00000028   Code   RO         3394    i.seekfree_wireless_init  seekfree_wireless.o
    0x080047f0   0x080047f0   0x00000078   Code   RO         3008    i.set_config        seekfree_mt9v03x.o
    0x08004868   0x08004868   0x000001c0   Code   RO         1782    i.spi_init          zf_spi.o
    0x08004a28   0x08004a28   0x00000050   Code   RO         1783    i.spi_mosi          zf_spi.o
    0x08004a78   0x08004a78   0x00000058   Code   RO         1784    i.spi_pin_init      zf_spi.o
    0x08004ad0   0x08004ad0   0x00000090   Code   RO          967    i.string_light      picture_deal.o
    0x08004b60   0x08004b60   0x00000026   Code   RO         1823    i.systick_delay     zf_systick.o
    0x08004b86   0x08004b86   0x00000002   PAD
    0x08004b88   0x08004b88   0x00000028   Code   RO         1824    i.systick_delay_ms  zf_systick.o
    0x08004bb0   0x08004bb0   0x00000018   Code   RO         1875    i.tim_counter_get_count  zf_tim.o
    0x08004bc8   0x08004bc8   0x00000154   Code   RO         1876    i.tim_counter_init  zf_tim.o
    0x08004d1c   0x08004d1c   0x00000014   Code   RO         1877    i.tim_counter_pin_init  zf_tim.o
    0x08004d30   0x08004d30   0x00000014   Code   RO         1878    i.tim_counter_rst   zf_tim.o
    0x08004d44   0x08004d44   0x000000d8   Code   RO         1687    i.tim_interrupt_init_ms  zf_pit.o
    0x08004e1c   0x08004e1c   0x00000194   Code   RO         1947    i.uart_init         zf_uart.o
    0x08004fb0   0x08004fb0   0x00000024   Code   RO         1948    i.uart_pin_init     zf_uart.o
    0x08004fd4   0x08004fd4   0x00000030   Code   RO         1949    i.uart_putbuff      zf_uart.o
    0x08005004   0x08005004   0x00000020   Code   RO         1950    i.uart_putchar      zf_uart.o
    0x08005024   0x08005024   0x00000048   Code   RO         1953    i.uart_rx_irq       zf_uart.o
    0x0800506c   0x0800506c   0x0000001a   Code   RO          778    i.usart1_putbuff    vcan_usart.o
    0x08005086   0x08005086   0x0000000e   Code   RO          779    i.usart1_send_char  vcan_usart.o
    0x08005094   0x08005094   0x00000034   Code   RO          780    i.vcan_sendware_wireless  vcan_usart.o
    0x080050c8   0x080050c8   0x00001b88   Data   RO         2333    .constdata          seekfree_font.o
    0x08006c50   0x08006c50   0x00000098   Data   RO         7951    .constdata          m_ws.l(atan.o)
    0x08006ce8   0x08006ce8   0x00000008   Data   RO         7973    .constdata          m_ws.l(qnan.o)
    0x08006cf0   0x08006cf0   0x00000020   Data   RO         8021    Region$$Table       anon$$obj.o


    Execution Region RW_IRAM1 (Exec base: 0x20000000, Load base: 0x08006d10, Size: 0x00007018, Max: 0x00020000, ABSOLUTE, COMPRESSED[0x00000110])

    Exec Addr    Load Addr    Size         Type   Attr      Idx    E Section Name        Object

    0x20000000   COMPRESSED   0x0000000b   Data   RW           39    .data               isr.o
    0x2000000b   COMPRESSED   0x00000001   PAD
    0x2000000c   COMPRESSED   0x00000010   Data   RW          613    .data               main.o
    0x2000001c   COMPRESSED   0x00000014   Data   RW          645    .data               pwm_out.o
    0x20000030   COMPRESSED   0x0000003d   Data   RW          685    .data               speed_out.o
    0x2000006d   COMPRESSED   0x00000003   PAD
    0x20000070   COMPRESSED   0x000000a4   Data   RW          733    .data               anglecontrol.o
    0x20000114   COMPRESSED   0x00000014   Data   RW          816    .data               button_conrtol.o
    0x20000128   COMPRESSED   0x0000003d   Data   RW          969    .data               picture_deal.o
    0x20000165   COMPRESSED   0x00000003   PAD
    0x20000168   COMPRESSED   0x00000008   Data   RW         1081    .data               common.o
    0x20000170   COMPRESSED   0x00000014   Data   RW         1376    .data               system_mm32f327x.o
    0x20000184   COMPRESSED   0x00000020   Data   RW         1630    .data               zf_gpio.o
    0x200001a4   COMPRESSED   0x0000000c   Data   RW         1785    .data               zf_spi.o
    0x200001b0   COMPRESSED   0x00000020   Data   RW         1883    .data               zf_tim.o
    0x200001d0   COMPRESSED   0x00000028   Data   RW         1955    .data               zf_uart.o
    0x200001f8   COMPRESSED   0x00000004   Data   RW         2187    .data               seekfree_7725.o
    0x200001fc   COMPRESSED   0x0000000c   Data   RW         2368    .data               seekfree_icm20602.o
    0x20000208   COMPRESSED   0x0000004a   Data   RW         3012    .data               seekfree_mt9v03x.o
    0x20000252   COMPRESSED   0x00000033   Data   RW         3269    .data               seekfree_uart_7725.o
    0x20000285   COMPRESSED   0x00000003   PAD
    0x20000288   COMPRESSED   0x00000004   Data   RW         7990    .data               mc_w.l(stdout.o)
    0x2000028c   COMPRESSED   0x00000004   Data   RW         8002    .data               mc_w.l(errno.o)
    0x20000290        -       0x00000010   Zero   RW          612    .bss                main.o
    0x200002a0        -       0x00000014   Zero   RW          683    .bss                speed_out.o
    0x200002b4        -       0x00000242   Zero   RW          968    .bss                picture_deal.o
    0x200004f6   COMPRESSED   0x00000002   PAD
    0x200004f8        -       0x00000020   Zero   RW         1737    .bss                zf_pwm.o
    0x20000518        -       0x00004b00   Zero   RW         3011    .bss                seekfree_mt9v03x.o
    0x20005018        -       0x00002000   Zero   RW         1416    STACK               startup_mm32f327x_keil.o


==============================================================================

Image component sizes


      Code (inc. data)   RO Data    RW Data    ZI Data      Debug   Object Name

      1164        188          0        164          0       4487   anglecontrol.o
        60          8          0          0          0      25728   board.o
       608        110          0         20          0       2318   button_conrtol.o
        72          0          0          8          0       7727   common.o
       268         26          0          0          0       7821   hal_dma.o
       336         20          0          0          0       5600   hal_exti.o
       108         12          0          0          0       1076   hal_misc.o
        96         18          0          0          0       1850   hal_rcc.o
       272         22          0          0          0      12643   hal_tim.o
      1488        166          0         11          0     122031   isr.o
       280         90          0         16         16       1445   main.o
       112          0          0          0          0       3195   otsu.o
      2356        254          0         61        578       8088   picture_deal.o
       288         12          0         20          0       1535   pwm_out.o
      1430        156          0          0          0       5980   seekfree_18tft.o
        56         14          0          4          0       1834   seekfree_7725.o
        68         44          0          0          0        697   seekfree_assert.o
         0          0       7048          0          0        993   seekfree_font.o
       552         42          0         12          0       4788   seekfree_icm20602.o
       618         88          0         74      19200       6558   seekfree_mt9v03x.o
         0          0          0          0          0      11673   seekfree_printf.o
       140         32          0         51          0       2808   seekfree_uart_7725.o
        40          0          0          0          0        561   seekfree_wireless.o
       752        100          0         61         20       3340   speed_out.o
        36          8        400          0       8192        900   startup_mm32f327x_keil.o
       816         60          0         20          0       4420   system_mm32f327x.o
        92          8          0          0          0       2089   vcan_usart.o
       536         16          0          0          0       2044   zf_camera.o
       216          4          0          0          0        810   zf_exti.o
       668         28          0         32          0       4635   zf_gpio.o
       216         20          0          0          0        856   zf_pit.o
       872         30          0          0         32       2968   zf_pwm.o
       616         18          0         12          0       4334   zf_spi.o
        78          6          0          0          0       1131   zf_systick.o
       404         18          0         32          0       4005   zf_tim.o
       620         42          0         40          0       5818   zf_uart.o

    ----------------------------------------------------------------------
     16348       1660       7480        648      28040     278786   Object Totals
         0          0         32          0          0          0   (incl. Generated)
        14          0          0         10          2          0   (incl. Padding)

    ----------------------------------------------------------------------

      Code (inc. data)   RO Data    RW Data    ZI Data      Debug   Library Member Name

       544         70        152          0          0        124   atan.o
       412         38          0          0          0        144   atan2.o
        26          6          0          0          0        204   dunder.o
        40          0          0          0          0         68   fpclassify.o
       170          0          0          0          0         96   poly.o
         0          0          8          0          0          0   qnan.o
        86          0          0          0          0          0   __dczerorl2.o
         0          0          0          0          0          0   entry.o
         0          0          0          0          0          0   entry10a.o
         0          0          0          0          0          0   entry11a.o
         4          0          0          0          0          0   entry12b.o
         8          4          0          0          0          0   entry2.o
         4          0          0          0          0          0   entry5.o
         0          0          0          0          0          0   entry7b.o
         0          0          0          0          0          0   entry8b.o
         8          4          0          0          0          0   entry9a.o
        12          6          0          4          0         68   errno.o
        30          0          0          0          0          0   handlers.o
        36          8          0          0          0         68   init.o
         0          0          0          0          0          0   iusefp.o
        30          0          0          0          0         68   llshl.o
        36          0          0          0          0         68   llsshr.o
        32          0          0          0          0         68   llushr.o
       472         14          0          0          0        184   printf3.o
         0          0          0          4          0          0   stdout.o
        44          0          0          0          0         80   uidiv.o
        48          0          0          0          0         68   cdcmple.o
        48          0          0          0          0         68   cdrcmple.o
        20          0          0          0          0         68   cfcmple.o
        20          0          0          0          0         68   cfrcmple.o
        56          0          0          0          0         88   d2f.o
       334          0          0          0          0        148   dadd.o
       222          0          0          0          0        100   ddiv.o
       186          0          0          0          0        176   depilogue.o
        34          0          0          0          0         76   dflti.o
        26          0          0          0          0         76   dfltui.o
       228          0          0          0          0         96   dmul.o
        46          0          0          0          0         80   dscalb.o
        38          0          0          0          0         68   f2d.o
       176          0          0          0          0        140   fadd.o
       124          0          0          0          0         88   fdiv.o
       110          0          0          0          0        168   fepilogue.o
        50          0          0          0          0         68   ffixi.o
        40          0          0          0          0         68   ffixui.o
        18          0          0          0          0         68   fflti.o
        10          0          0          0          0         68   ffltui.o
       100          0          0          0          0         76   fmul.o

    ----------------------------------------------------------------------
      3932        150        160          8          0       3164   Library Totals
         4          0          0          0          0          0   (incl. Padding)

    ----------------------------------------------------------------------

      Code (inc. data)   RO Data    RW Data    ZI Data      Debug   Library Name

      1192        114        160          0          0        636   m_ws.l
       802         36          0          8          0        604   mc_w.l
      1934          0          0          0          0       1924   mf_w.l

    ----------------------------------------------------------------------
      3932        150        160          8          0       3164   Library Totals

    ----------------------------------------------------------------------

==============================================================================


      Code (inc. data)   RO Data    RW Data    ZI Data      Debug   

     20280       1810       7640        656      28040     272510   Grand Totals
     20280       1810       7640        272      28040     272510   ELF Image Totals (compressed)
     20280       1810       7640        272          0          0   ROM Totals

==============================================================================

    Total RO  Size (Code + RO Data)                27920 (  27.27kB)
    Total RW  Size (RW Data + ZI Data)             28696 (  28.02kB)
    Total ROM Size (Code + RO Data + RW Data)      28192 (  27.53kB)

==============================================================================

