<html>
<body>
<pre>
<h1>礦ision Build Log</h1>
<h2>Tool Versions:</h2>
IDE-Version: μVision V5.34.0.0
Copyright (C) 2021 ARM Ltd and ARM Germany GmbH. All rights reserved.
License Information: 13333 1235, 1258, LIC=RC93N-Y07YF-JJT6S-LJ0LQ-LZ2PS-X1WYR
 
Tool Versions:
Toolchain:       MDK-ARM Plus  Version: 5.34.0.0
Toolchain Path:  D:\Keil MDK v5.34\ARM\ARMCC\Bin
C Compiler:      Armcc.exe V5.06 update 7 (build 960)
Assembler:       Armasm.exe V5.06 update 7 (build 960)
Linker/Locator:  ArmLink.exe V5.06 update 7 (build 960)
Library Manager: ArmAr.exe V5.06 update 7 (build 960)
Hex Converter:   FromElf.exe V5.06 update 7 (build 960)
CPU DLL:         SARMCM3.DLL V5.34.0.0
Dialog DLL:      DCM.DLL V1.17.3.0
Target DLL:      CMSIS_AGDI.dll V1.32.13.0
Dialog DLL:      TCM.DLL V1.48.0.0
 
<h2>Project:</h2>
C:\Users\QQPuesr\OneDrive\桌面\十七届信标\MM32F3277 完赛程序\Project\MDK\MM32F3277.uvprojx
Project File Date:  05/04/2022

<h2>Output:</h2>
*** Using Compiler 'V5.06 update 7 (build 960)', folder: 'D:\Keil MDK v5.34\ARM\ARMCC\Bin'
Build target 'MM32F3277_Demo'
compiling Picture_deal.c...
..\CODE\Picture_deal.c(180): warning:  #177-D: variable "k"  was declared but never referenced
  	 int8 k;
..\CODE\Picture_deal.c: 1 warning, 0 errors
linking...
Program Size: Code=20280 RO-data=7640 RW-data=656 ZI-data=28040  
".\Objects\MM32F3277.axf" - 0 Error(s), 1 Warning(s).

<h2>Software Packages used:</h2>

Package Vendor: MindMotion
                http://www.mindmotion.com.cn/Download/MDK_KEIL/MindMotion.MM32F327x_DFP.1.0.3.pack
                MindMotion.MM32F327x_DFP.1.0.3
                MindMotion MM32F327x Series Device Support, Drivers and Examples

<h2>Collection of Component include folders:</h2>

<h2>Collection of Component Files used:</h2>
Build Time Elapsed:  00:00:02
</pre>
</body>
</html>
